



PROGRAM OUTPUT FROM 2024-03-06 11:21:37

 - Status: THREAD_ID: thread_dUJNV2HawoTCMurSS2C5VTCi
 - Status: Adding message
 - Status: Creating new run
 - Status: Run in progress
 - Status: Status: requires_action
 - Status: Managing functions
{"prompt":"What ports are the motors for driving connected to?"}
Hey Human, What ports are the motors for driving connected to?
Submitting tool outputs: [{'tool_call_id': 'call_udoSbS2DfhUvRY3PPtL0KKWH', 'output': 'a and b'}]
 - Status: Done submitting outputs
 - Status: Using existing run
 - Status: Run in progress
 - Status: Longer than normal runtime: requires_action
 - Status: Status: requires_action
 - Status: Managing functions
{"code": "from spike import MotorPair\nmotor_pair = MotorPair('A', 'B')\nmotor_pair.start(50)", "runtime": "3"}

================== RUNNING CODE ==================
        
from spike import MotorPair
motor_pair = MotorPair('A', 'B')
motor_pair.start(50)


==================== END ====================

================== SERIAL OUPUT ==================

>>> 
>>> from spike import MotorPair
Traceback (most recent call last):
  File "<stdin>", line 1, in <module>
ImportError: no module named 'spike'
>>> motor_pair = MotorPair('A', 'B')
Traceback (most recent call last):
  File "<stdin>", line 1, in <module>
NameError: name 'MotorPair' isn't defined
>>> motor_pair.start(50)
Traceback (most recent call last):
  File "<stdin>", line 1, in <module>
AttributeError: 'module' object has no attribute 'start'
>>> 
>>> 
>>> 
==================== END ====================
 - Status: Program ended
{"query": "if the robot is moving forward", "image_num": "3", "interval": "1"}
 - Status: Getting visual feedback for: if the robot is moving forward
 - Status: TAKING IMAGES IN 3 SECONDS
 - Status: Running code
 - Status: Say cheese!
 - Status: Sent photos
 - Status: The images show a close-up of a tabletop with a robotic device featuring colorful components, wheels, and cables. The code snippet provided appears to be for controlling the movement of the robot using a pair of motors connected to ports 'A' and 'B'. However, given that the images are static and identical, they don't provide any information about the robot's movement or changes in its position over time. To observe the effects of the code, one would need to run the robot and see it in motion, or have a series of images showing the robot at different stages of its movement path. If you are attempting to demonstrate the robot's movement with the given code, you might want to capture images showing the robot at different locations or take a video instead.
Submitting tool outputs: [{'tool_call_id': 'call_fizlgvM7Hlz2uqGeENF1H873', 'output': '\r\n>>> \r\n>>> from spike import MotorPair\r\nTraceback (most recent call last):\r\n  File "<stdin>", line 1, in <module>\r\nImportError: no module named \'spike\'\r\n>>> motor_pair = MotorPair(\'A\', \'B\')\r\nTraceback (most recent call last):\r\n  File "<stdin>", line 1, in <module>\r\nNameError: name \'MotorPair\' isn\'t defined\r\n>>> motor_pair.start(50)\r\nTraceback (most recent call last):\r\n  File "<stdin>", line 1, in <module>\r\nAttributeError: \'module\' object has no attribute \'start\'\r\n>>> \r\n>>> \r\n>>> '}, {'tool_call_id': 'call_XsuvM61qD8o6lVV7MtFA7qkv', 'output': '"The images show a close-up of a tabletop with a robotic device featuring colorful components, wheels, and cables. The code snippet provided appears to be for controlling the movement of the robot using a pair of motors connected to ports \'A\' and \'B\'. However, given that the images are static and identical, they don\'t provide any information about the robot\'s movement or changes in its position over time. To observe the effects of the code, one would need to run the robot and see it in motion, or have a series of images showing the robot at different stages of its movement path. If you are attempting to demonstrate the robot\'s movement with the given code, you might want to capture images showing the robot at different locations or take a video instead."'}]
 - Status: Done submitting outputs
 - Status: Using existing run
 - Status: Run in progress
 - Status: Longer than normal runtime: in_progress
 - Status: Status: requires_action
 - Status: Managing functions
{"code": "from spike_prime import MotorPair\nmotor_pair = MotorPair('A', 'B')\nmotor_pair.start(50)\n", "runtime": "3"}

================== RUNNING CODE ==================
        
from spike_prime import MotorPair
motor_pair = MotorPair('A', 'B')
motor_pair.start(50)



==================== END ====================

================== SERIAL OUPUT ==================

Traceback (most recent call last):
  File "<stdin>", line 1
SyntaxError: invalid syntax
>>> from spike_prime import MotorPair
Traceback (most recent call last):
  File "<stdin>", line 1, in <module>
ImportError: no module named 'spike_prime'
>>> motor_pair = MotorPair('A', 'B')
Traceback (most recent call last):
  File "<stdin>", line 1, in <module>
NameError: name 'MotorPair' isn't defined
>>> motor_pair.start(50)
Traceback (most recent call last):
  File "<stdin>", line 1, in <module>
AttributeError: 'module' object has no attribute 'start'
>>> 
>>> 
>>> 
>>> 
==================== END ====================
 - Status: Program ended
{"query": "if the robot is moving forward", "image_num": "3", "interval": "1"}
 - Status: Getting visual feedback for: if the robot is moving forward
 - Status: TAKING IMAGES IN 3 SECONDS
 - Status: Running code
 - Status: Say cheese!
 - Status: Sent photos
 - Status: It appears that youâ€™ve shared three images of a robotic device on a wooden surface. The images all seem to be identical, indicating that either the robot did not move between the shots or the movement was too subtle to notice a difference within the one-second intervals.

Based on the code snippet you provided, it seems you are using the LEGO SPIKE Prime robotics platform, which is often used for education and hobbyist robotics projects. This platform typically includes programmable hubs, motors, sensors, and LEGO building elements.

The code snippet is written in Python and shows the initialization of a `MotorPair` object using ports 'A' and 'B', which likely corresponds to two motors on the robot. The `motor_pair.start(50)` command is supposed to start the motors at a speed value of 50, which suggests the intent for the robot to move.

If the robot did not move as expected between the shots, you may want to check that the motors are connected properly to the ports specified in the code, ensure that the hub is powered on, and that there is nothing obstructing the robot's movement. Additionally, ensure that the code is actually being run on the robot's control hub. If you continue to face issues, troubleshooting steps may include inspecting the hardware setup, checking battery levels, or verifying the software and firmware versions are up to date.
Submitting tool outputs: [{'tool_call_id': 'call_N7vIvmc5mn2Nop3fQYAasDn4', 'output': '\r\nTraceback (most recent call last):\r\n  File "<stdin>", line 1\r\nSyntaxError: invalid syntax\r\n>>> from spike_prime import MotorPair\r\nTraceback (most recent call last):\r\n  File "<stdin>", line 1, in <module>\r\nImportError: no module named \'spike_prime\'\r\n>>> motor_pair = MotorPair(\'A\', \'B\')\r\nTraceback (most recent call last):\r\n  File "<stdin>", line 1, in <module>\r\nNameError: name \'MotorPair\' isn\'t defined\r\n>>> motor_pair.start(50)\r\nTraceback (most recent call last):\r\n  File "<stdin>", line 1, in <module>\r\nAttributeError: \'module\' object has no attribute \'start\'\r\n>>> \r\n>>> \r\n>>> \r\n>>> '}, {'tool_call_id': 'call_Kk5WRgYCbDjftDyduyVc8UT8', 'output': '"It appears that you\\u2019ve shared three images of a robotic device on a wooden surface. The images all seem to be identical, indicating that either the robot did not move between the shots or the movement was too subtle to notice a difference within the one-second intervals.\\n\\nBased on the code snippet you provided, it seems you are using the LEGO SPIKE Prime robotics platform, which is often used for education and hobbyist robotics projects. This platform typically includes programmable hubs, motors, sensors, and LEGO building elements.\\n\\nThe code snippet is written in Python and shows the initialization of a `MotorPair` object using ports \'A\' and \'B\', which likely corresponds to two motors on the robot. The `motor_pair.start(50)` command is supposed to start the motors at a speed value of 50, which suggests the intent for the robot to move.\\n\\nIf the robot did not move as expected between the shots, you may want to check that the motors are connected properly to the ports specified in the code, ensure that the hub is powered on, and that there is nothing obstructing the robot\'s movement. Additionally, ensure that the code is actually being run on the robot\'s control hub. If you continue to face issues, troubleshooting steps may include inspecting the hardware setup, checking battery levels, or verifying the software and firmware versions are up to date."'}]
 - Status: Done submitting outputs
 - Status: Using existing run
 - Status: Run in progress
 - Status: Status: requires_action
 - Status: Managing functions
{"query":"motor_pair"}
 - Status: Querying documentation for: motor_pair
{'name': 'motor_pair', 'description': 'a class that allows controlling two spike prime motors together', 'initialization': 'motor_pair.pair(motor_pair.PAIR_1, port.A, port.B)', 'required imports': 'import motor_pair \n from hub import port', 'function': [{'name': 'move motor pair for degrees', 'syntax': 'motor_pair.move_for_degrees(motor_pair.PAIR_1, 90, 0, velocity=200)', 'parameters': {'parameter': [{'name': 'motor pair', 'description': 'Specification of which motor pair to move', 'values': 'motor_pair.PAIR_1, motor_pair.PAIR_2'}, {'name': 'degrees', 'description': 'Degrees for which the motor pair should turn.', 'values': 'any integer'}, {'name': 'steering', 'description': 'How much the motor pair should alter motor speeds to turn', 'values': 'an integer -100:100'}, {'name': 'velocity', 'description': 'Speed at which the motors should run in degrees per second.', 'values': 'any integer'}]}}, {'name': 'move motor pair for time', 'syntax': 'motor_pair.move_for_time(motor_pair.PAIR_1, 1000, 0, velocity=200)', 'parameters': [{'name': 'motor Pair', 'description': 'Specification of which motor pair to move', 'values': 'motor_pair.PAIR_1, motor_pair.PAIR_2'}, {'name': 'time', 'description': 'Duration for which motors should turn in milliseconds (1000 = 1 second)', 'values': 'any integer'}, {'name': 'steering', 'description': 'How much the motor pair should alter motor speeds to turn', 'values': 'an integer -100:100'}, {'name': 'velocity', 'description': 'Speed at which the motors should run in degrees per second.', 'values': 'any integer'}]}]}
Submitting tool outputs: [{'tool_call_id': 'call_TxCqpi3rKUBrFpNXpablJ5hU', 'output': '{"name": "motor_pair", "description": "a class that allows controlling two spike prime motors together", "initialization": "motor_pair.pair(motor_pair.PAIR_1, port.A, port.B)", "required imports": "import motor_pair \\n from hub import port", "function": [{"name": "move motor pair for degrees", "syntax": "motor_pair.move_for_degrees(motor_pair.PAIR_1, 90, 0, velocity=200)", "parameters": {"parameter": [{"name": "motor pair", "description": "Specification of which motor pair to move", "values": "motor_pair.PAIR_1, motor_pair.PAIR_2"}, {"name": "degrees", "description": "Degrees for which the motor pair should turn.", "values": "any integer"}, {"name": "steering", "description": "How much the motor pair should alter motor speeds to turn", "values": "an integer -100:100"}, {"name": "velocity", "description": "Speed at which the motors should run in degrees per second.", "values": "any integer"}]}}, {"name": "move motor pair for time", "syntax": "motor_pair.move_for_time(motor_pair.PAIR_1, 1000, 0, velocity=200)", "parameters": [{"name": "motor Pair", "description": "Specification of which motor pair to move", "values": "motor_pair.PAIR_1, motor_pair.PAIR_2"}, {"name": "time", "description": "Duration for which motors should turn in milliseconds (1000 = 1 second)", "values": "any integer"}, {"name": "steering", "description": "How much the motor pair should alter motor speeds to turn", "values": "an integer -100:100"}, {"name": "velocity", "description": "Speed at which the motors should run in degrees per second.", "values": "any integer"}]}]}'}]
 - Status: Done submitting outputs
 - Status: Using existing run
 - Status: Run in progress
 - Status: Longer than normal runtime: in_progress
 - Status: Status: requires_action
 - Status: Managing functions
{"code": "import motor_pair\nfrom hub import port\nmotor_pair.pair(motor_pair.PAIR_1, port.A, port.B)\nmotor_pair.move_for_time(motor_pair.PAIR_1, 3000, 0, velocity=50)", "runtime": "3"}

================== RUNNING CODE ==================
        
import motor_pair
from hub import port
motor_pair.pair(motor_pair.PAIR_1, port.A, port.B)
motor_pair.move_for_time(motor_pair.PAIR_1, 3000, 0, velocity=50)


==================== END ====================

================== SERIAL OUPUT ==================

Traceback (most recent call last):
  File "<stdin>", line 1
SyntaxError: invalid syntax
>>> import motor_pair
>>> from hub import port
>>> motor_pair.pair(motor_pair.PAIR_1, port.A, port.B)
Traceback (most recent call last):
  File "<stdin>", line 1, in <module>
ValueError: PORTA is assigned to PAIR_1
>>> motor_pair.move_for_time(motor_pair.PAIR_1, 3000, 0, velocity=50)
>>> 
>>> 
>>> 
==================== END ====================
 - Status: Program ended
{"query": "if the robot is moving forward", "image_num": "3", "interval": "1"}
 - Status: Getting visual feedback for: if the robot is moving forward
 - Status: TAKING IMAGES IN 3 SECONDS
 - Status: Running code
 - Status: Say cheese!
 - Status: Sent photos
 - Status: It seems you've shared three images that look identical, each showing an educational robotics kit, possibly a LEGO or similar brand, configured with various sensors, motors, and wires. These images were likely meant to show the robot in action, possibly executing the code provided. However, there is no discernible movement between the images, making them appear static and indistinguishable from one another.

The code snippet you've shared is written in a Python-like syntax and appears to be for programming a pair of motors connected to ports A and B on a robotics hub. It's intended to move the paired motors for 3000 milliseconds (or 3 seconds) at a velocity setting of 50, with '0' suggesting straight line motion rather than turning.

If the intent was to capture the robot's movement caused by this code, the images do not reflect any changes in the robot's position, implying that either the robot did not move in the time between the images taken or the motion is too subtle to be detected within the 1-second intervals of the snapshot sequence.
 - Status: Done submitting outputs
 - Status: Using existing run
 - Status: Run in progress
 - Status: Longer than normal runtime: in_progress
 - Status: Longer than normal runtime: in_progress
 - Status: Status: requires_action
 - Status: Managing functions
{"code":"import motor_pair\nfrom hub import port\nmotor_pair.pair(motor_pair.PAIR_1, port.A, port.B)\nmotor_pair.move_for_time(motor_pair.PAIR_1, 3000, 0, velocity=50)","runtime":"3"}

================== RUNNING CODE ==================
        
import motor_pair
from hub import port
motor_pair.pair(motor_pair.PAIR_1, port.A, port.B)
motor_pair.move_for_time(motor_pair.PAIR_1, 3000, 0, velocity=50)


==================== END ====================

================== SERIAL OUPUT ==================

Traceback (most recent call last):
  File "<stdin>", line 1
SyntaxError: invalid syntax
>>> import motor_pair
>>> from hub import port
>>> motor_pair.pair(motor_pair.PAIR_1, port.A, port.B)
Traceback (most recent call last):
  File "<stdin>", line 1, in <module>
ValueError: PORTA is assigned to PAIR_1
>>> motor_pair.move_for_time(motor_pair.PAIR_1, 3000, 0, velocity=50)
>>> 
>>> 
>>> 
==================== END ====================
 - Status: Program ended
 - Status: Done submitting outputs
 - Status: Using existing run
 - Status: Run in progress
 - Status: Longer than normal runtime: in_progress
 - Status: Status: requires_action
 - Status: Managing functions
{"query":"motor"}
 - Status: Querying documentation for: motor
{'name': 'motor', 'description': 'a class that allows access to spike prime motors', 'initialization': 'none', 'required imports': 'import motor \n from hub import port', 'function': {'name': 'Run motor for degrees', 'syntax': 'motor.run_for_degrees(port.B, 360, 75)', 'parameters': {'parameter': [{'name': 'Port', 'description': 'Port of spike prime to which motor is connected', 'values': 'port.A,port.B,port.C,port.D,port.E,port.F'}, {'name': 'Degrees', 'description': 'Degrees for which the motor should turn.', 'values': 'any integer'}, {'name': 'Speed', 'description': 'Speed at which the motor should run in degrees per second.', 'values': 'any integer'}]}}}
Submitting tool outputs: [{'tool_call_id': 'call_Vo3QYP0Q0W5EL6PmXgHMQLg6', 'output': '{"name": "motor", "description": "a class that allows access to spike prime motors", "initialization": "none", "required imports": "import motor \\n from hub import port", "function": {"name": "Run motor for degrees", "syntax": "motor.run_for_degrees(port.B, 360, 75)", "parameters": {"parameter": [{"name": "Port", "description": "Port of spike prime to which motor is connected", "values": "port.A,port.B,port.C,port.D,port.E,port.F"}, {"name": "Degrees", "description": "Degrees for which the motor should turn.", "values": "any integer"}, {"name": "Speed", "description": "Speed at which the motor should run in degrees per second.", "values": "any integer"}]}}}'}]
 - Status: Done submitting outputs
 - Status: Using existing run
 - Status: Run in progress
 - Status: Status: requires_action
 - Status: Managing functions
{"code":"import motor\nfrom hub import port\nmotor.run_for_degrees(port.A, 720, 50)\nmotor.run_for_degrees(port.B, 720, 50)","runtime":"5"}

================== RUNNING CODE ==================
        
import motor
from hub import port
motor.run_for_degrees(port.A, 720, 50)
motor.run_for_degrees(port.B, 720, 50)


==================== END ====================

================== SERIAL OUPUT ==================

>>> import motor
>>> from hub import port
>>> motor.run_for_degrees(port.A, 720, 50)
>>> motor.run_for_degrees(port.B, 720, 50)
>>> 
>>> 
>>> 
==================== END ====================
 - Status: Program ended
 - Status: Done submitting outputs
 - Status: Using existing run
 - Status: Run in progress
 - Status: Status: requires_action
 - Status: Managing functions
{"query":"if the robot has moved forward","image_num":"3","interval":"1"}
 - Status: Getting visual feedback for: if the robot has moved forward
 - Status: TAKING IMAGES IN 3 SECONDS
 - Status: Running code
 - Status: Say cheese!
 - Status: Sent photos
 - Status: It appears that you've shared three photos that look almost identical, suggesting they were taken in quick succession, possibly about a second apart as you mentioned. The images feature a cluttered arrangement of power strips and various cords on a wooden surface. There are no notable differences between the images, which implies that there was no movement or change in the scene during the short time interval between each shot.
Submitting tool outputs: [{'tool_call_id': 'call_Hg19jDzl9MECTseMXtcOagkn', 'output': '"It appears that you\'ve shared three photos that look almost identical, suggesting they were taken in quick succession, possibly about a second apart as you mentioned. The images feature a cluttered arrangement of power strips and various cords on a wooden surface. There are no notable differences between the images, which implies that there was no movement or change in the scene during the short time interval between each shot."'}]
 - Status: Done submitting outputs
 - Status: Using existing run
 - Status: Run in progress
 - Status: Longer than normal runtime: in_progress
 - Status: Longer than normal runtime: in_progress
 - Status: Status: completed
 - Status: Closing



PROGRAM OUTPUT FROM 2024-03-06 11:32:53

 - Status: THREAD_ID: thread_GvrhW3hDSJ4opfBbnHRygXsN
 - Status: Adding message
 - Status: Creating new run
 - Status: Run in progress
 - Status: Longer than normal runtime: in_progress
 - Status: Status: requires_action
 - Status: Managing functions
{"code": "from spike import MotorPair\nmotor_pair = MotorPair('A', 'B')\nmotor_pair.start(50, 0)", "runtime": "3"}

================== RUNNING CODE ==================
        
from spike import MotorPair
motor_pair = MotorPair('A', 'B')
motor_pair.start(50, 0)


==================== END ====================

================== SERIAL OUPUT ==================

>>> 
>>> from spike import MotorPair
Traceback (most recent call last):
  File "<stdin>", line 1, in <module>
ImportError: no module named 'spike'
>>> motor_pair = MotorPair('A', 'B')
Traceback (most recent call last):
  File "<stdin>", line 1, in <module>
NameError: name 'MotorPair' isn't defined
>>> motor_pair.start(50, 0)
Traceback (most recent call last):
  File "<stdin>", line 1, in <module>
AttributeError: 'module' object has no attribute 'start'
>>> 
>>> 
>>> 
==================== END ====================
 - Status: Program ended
{"query": "if the robot is moving forward", "image_num": "2", "interval": "1.5"}
 - Status: Getting visual feedback for: if the robot is moving forward
 - Status: TAKING IMAGES IN 3 SECONDS
 - Status: Running code: 
from spike import MotorPair
motor_pair = MotorPair('A', 'B')
motor_pair.start(50, 0)


REPL response: 
>>> from spike import MotorPair
Traceback (most recent call last):
  File "<stdin>", line 1, in <module>
ImportError: no module named 'spike'
>>> motor_pair = MotorPair('A', 'B')
Traceback (most recent call last):
  File "<stdin>", line 1, in <module>
NameError: name 'MotorPair' isn't defined
>>> motor_pair.start(50, 0)
Traceback (most recent call last):
  File "<stdin>", line 1, in <module>
AttributeError: 'module' object has no attribute 'start'
>>> 
>>> 
>>> 
 - Status: Say cheese!
 - Status: Sent photos
 - Status: I'm sorry, I cannot assist with these requests.
Submitting tool outputs: [{'tool_call_id': 'call_qzzvMGpqBzCmiDP1c1Xh5h6O', 'output': '\r\n>>> \r\n>>> from spike import MotorPair\r\nTraceback (most recent call last):\r\n  File "<stdin>", line 1, in <module>\r\nImportError: no module named \'spike\'\r\n>>> motor_pair = MotorPair(\'A\', \'B\')\r\nTraceback (most recent call last):\r\n  File "<stdin>", line 1, in <module>\r\nNameError: name \'MotorPair\' isn\'t defined\r\n>>> motor_pair.start(50, 0)\r\nTraceback (most recent call last):\r\n  File "<stdin>", line 1, in <module>\r\nAttributeError: \'module\' object has no attribute \'start\'\r\n>>> \r\n>>> \r\n>>> '}, {'tool_call_id': 'call_jAqdzJOW7HtLhnbDw4bbyUjX', 'output': '"I\'m sorry, I cannot assist with these requests."'}]
 - Status: Done submitting outputs
 - Status: Using existing run
 - Status: Run in progress
 - Status: Status: requires_action
 - Status: Managing functions
{"query":"motor_pair"}
 - Status: Querying documentation for: motor_pair
{'name': 'motor_pair', 'description': 'a class that allows controlling two spike prime motors together', 'initialization': 'motor_pair.pair(motor_pair.PAIR_1, port.A, port.B)', 'required imports': 'import motor_pair \n from hub import port', 'function': [{'name': 'move motor pair for degrees', 'syntax': 'motor_pair.move_for_degrees(motor_pair.PAIR_1, 90, 0, velocity=200)', 'parameters': {'parameter': [{'name': 'motor pair', 'description': 'Specification of which motor pair to move', 'values': 'motor_pair.PAIR_1, motor_pair.PAIR_2'}, {'name': 'degrees', 'description': 'Degrees for which the motor pair should turn.', 'values': 'any integer'}, {'name': 'steering', 'description': 'How much the motor pair should alter motor speeds to turn', 'values': 'an integer -100:100'}, {'name': 'velocity', 'description': 'Speed at which the motors should run in degrees per second.', 'values': 'any integer'}]}}, {'name': 'move motor pair for time', 'syntax': 'motor_pair.move_for_time(motor_pair.PAIR_1, 1000, 0, velocity=200)', 'parameters': [{'name': 'motor Pair', 'description': 'Specification of which motor pair to move', 'values': 'motor_pair.PAIR_1, motor_pair.PAIR_2'}, {'name': 'time', 'description': 'Duration for which motors should turn in milliseconds (1000 = 1 second)', 'values': 'any integer'}, {'name': 'steering', 'description': 'How much the motor pair should alter motor speeds to turn', 'values': 'an integer -100:100'}, {'name': 'velocity', 'description': 'Speed at which the motors should run in degrees per second.', 'values': 'any integer'}]}]}
Submitting tool outputs: [{'tool_call_id': 'call_6WruQ35aRkVkeXFNMooJGgmC', 'output': '{"name": "motor_pair", "description": "a class that allows controlling two spike prime motors together", "initialization": "motor_pair.pair(motor_pair.PAIR_1, port.A, port.B)", "required imports": "import motor_pair \\n from hub import port", "function": [{"name": "move motor pair for degrees", "syntax": "motor_pair.move_for_degrees(motor_pair.PAIR_1, 90, 0, velocity=200)", "parameters": {"parameter": [{"name": "motor pair", "description": "Specification of which motor pair to move", "values": "motor_pair.PAIR_1, motor_pair.PAIR_2"}, {"name": "degrees", "description": "Degrees for which the motor pair should turn.", "values": "any integer"}, {"name": "steering", "description": "How much the motor pair should alter motor speeds to turn", "values": "an integer -100:100"}, {"name": "velocity", "description": "Speed at which the motors should run in degrees per second.", "values": "any integer"}]}}, {"name": "move motor pair for time", "syntax": "motor_pair.move_for_time(motor_pair.PAIR_1, 1000, 0, velocity=200)", "parameters": [{"name": "motor Pair", "description": "Specification of which motor pair to move", "values": "motor_pair.PAIR_1, motor_pair.PAIR_2"}, {"name": "time", "description": "Duration for which motors should turn in milliseconds (1000 = 1 second)", "values": "any integer"}, {"name": "steering", "description": "How much the motor pair should alter motor speeds to turn", "values": "an integer -100:100"}, {"name": "velocity", "description": "Speed at which the motors should run in degrees per second.", "values": "any integer"}]}]}'}]
 - Status: Done submitting outputs
 - Status: Using existing run
 - Status: Run in progress
 - Status: Status: requires_action
 - Status: Managing functions
{"code": "import motor_pair \n from hub import port\nmotor_pair.pair(motor_pair.PAIR_1, port.A, port.B)\nmotor_pair.move_for_time(motor_pair.PAIR_1, 3000, 0, velocity=200)", "runtime": "3"}

================== RUNNING CODE ==================
        
import motor_pair 
from hub import port
motor_pair.pair(motor_pair.PAIR_1, port.A, port.B)
motor_pair.move_for_time(motor_pair.PAIR_1, 3000, 0, velocity=200)


==================== END ====================

================== SERIAL OUPUT ==================

>>> import motor_pair 
>>> from hub import port
>>> motor_pair.pair(motor_pair.PAIR_1, port.A, port.B)
Traceback (most recent call last):
  File "<stdin>", line 1, in <module>
ValueError: PORTA is assigned to PAIR_1
>>> motor_pair.move_for_time(motor_pair.PAIR_1, 3000, 0, velocity=200)
>>> 
>>> 
>>> 
==================== END ====================
 - Status: Program ended
{"query": "if the robot is moving forward", "image_num": "2", "interval": "1.5"}
 - Status: Getting visual feedback for: if the robot is moving forward
 - Status: TAKING IMAGES IN 3 SECONDS
 - Status: Running code: 
import motor_pair 
from hub import port
motor_pair.pair(motor_pair.PAIR_1, port.A, port.B)
motor_pair.move_for_time(motor_pair.PAIR_1, 3000, 0, velocity=200)


REPL response: 
>>> import motor_pair 
>>> from hub import port
>>> motor_pair.pair(motor_pair.PAIR_1, port.A, port.B)
Traceback (most recent call last):
  File "<stdin>", line 1, in <module>
ValueError: PORTA is assigned to PAIR_1
>>> motor_pair.move_for_time(motor_pair.PAIR_1, 3000, 0, velocity=200)
>>> 
>>> 
>>> 
 - Status: Say cheese!
 - Status: Sent photos
 - Status: It appears that the robot has moved forward between the two images. The positioning of the robot and the cable layout in the second image suggests that it has advanced slightly relative to its position in the first image. However, without additional context like markers or a reference point in both photos, it is impossible to provide an exact measure of the distance moved. The difference in the cable positions around the robot can give an indication that the robot has indeed moved.
 - Status: Done submitting outputs
 - Status: Using existing run
 - Status: Run in progress
 - Status: Longer than normal runtime: completed
 - Status: Status: completed
 - Status: Adding message
 - Status: Creating new run
 - Status: Run in progress
 - Status: Longer than normal runtime: in_progress
 - Status: Status: requires_action
 - Status: Managing functions
{"code": "import motor_pair\nfrom hub import port\nimport force\nforce_sensor = force.Force(port.C)\nmotor_pair.pair(motor_pair.PAIR_1, port.A, port.B)\n\n# Continuously move forward until the force sensor is activated\nwhile force_sensor.get_force_newton() < 10:\n    motor_pair.move(motor_pair.PAIR_1, 0, velocity=200)\n", "runtime": "10"}

================== RUNNING CODE ==================
        
import motor_pair
from hub import port
import force
force_sensor = force.Force(port.C)
motor_pair.pair(motor_pair.PAIR_1, port.A, port.B)

# Continuously move forward until the force sensor is activated
while force_sensor.get_force_newton() < 10:
   motor_pair.move(motor_pair.PAIR_1, 0, velocity=200)



==================== END ====================

================== SERIAL OUPUT ==================

>>> import motor_pair
>>> from hub import port
>>> import force
Traceback (most recent call last):
  File "<stdin>", line 1, in <module>
ImportError: no module named 'force'
>>> force_sensor = force.Force(port.C)
Traceback (most recent call last):
  File "<stdin>", line 1, in <module>
NameError: name 'force' isn't defined
>>> motor_pair.pair(motor_pair.PAIR_1, port.A, port.B)
Traceback (most recent call last):
  File "<stdin>", line 1, in <module>
ValueError: PORTA is assigned to PAIR_1
>>> 
>>> # Continuously move forward until the force sensor is activated
>>> while force_sensor.get_force_newton() < 10:
...        motor_pair.move(motor_pair.PAIR_1, 0, velocity=200)
...     
...     
... 
Traceback (most recent call last):
  File "<stdin>", line 2, in <module>
NameError: name 'force_sensor' isn't defined
>>> 
==================== END ====================
 - Status: Program ended
{"query": "if the robot moves and stops after bumping into something", "image_num": "5", "interval": "2"}
 - Status: Getting visual feedback for: if the robot moves and stops after bumping into something
 - Status: TAKING IMAGES IN 3 SECONDS
 - Status: Running code: 
import motor_pair
from hub import port
import force
force_sensor = force.Force(port.C)
motor_pair.pair(motor_pair.PAIR_1, port.A, port.B)

# Continuously move forward until the force sensor is activated
while force_sensor.get_force_newton() < 10:
   motor_pair.move(motor_pair.PAIR_1, 0, velocity=200)



REPL response: 
>>> import motor_pair
>>> from hub import port
>>> import force
Traceback (most recent call last):
  File "<stdin>", line 1, in <module>
ImportError: no module named 'force'
>>> force_sensor = force.Force(port.C)
Traceback (most recent call last):
  File "<stdin>", line 1, in <module>
NameError: name 'force' isn't defined
>>> motor_pair.pair(motor_pair.PAIR_1, port.A, port.B)
Traceback (most recent call last):
  File "<stdin>", line 1, in <module>
ValueError: PORTA is assigned to PAIR_1
>>> 
>>> # Continuously move forward until the force sensor is activated
>>> while force_sensor.get_force_newton() < 10:
...        motor_pair.move(motor_pair.PAIR_1, 0, velocity=200)
...     
...     
... 
Traceback (most recent call last):
  File "<stdin>", line 2, in <module>
NameError: name 'force_sensor' isn't defined
>>> 
 - Status: Say cheese!
 - Status: Sent photos
 - Status: I'm sorry, but I cannot assist with this request as the images provided are identical and do not show any movement or change in position over time. If you want to analyze the movement of a robot or any other object, you'll need to provide a sequence of images where changes in position are visible between the frames.
Submitting tool outputs: [{'tool_call_id': 'call_W4gfSbwvn6asvh0WKNdom6Lb', 'output': '\r\n>>> import motor_pair\r\n>>> from hub import port\r\n>>> import force\r\nTraceback (most recent call last):\r\n  File "<stdin>", line 1, in <module>\r\nImportError: no module named \'force\'\r\n>>> force_sensor = force.Force(port.C)\r\nTraceback (most recent call last):\r\n  File "<stdin>", line 1, in <module>\r\nNameError: name \'force\' isn\'t defined\r\n>>> motor_pair.pair(motor_pair.PAIR_1, port.A, port.B)\r\nTraceback (most recent call last):\r\n  File "<stdin>", line 1, in <module>\r\nValueError: PORTA is assigned to PAIR_1\r\n>>> \r\n>>> # Continuously move forward until the force sensor is activated\r\n>>> while force_sensor.get_force_newton() < 10:\r\n...        motor_pair.move(motor_pair.PAIR_1, 0, velocity=200)\r\n...     \r\n...     \r\n... \r\nTraceback (most recent call last):\r\n  File "<stdin>", line 2, in <module>\r\nNameError: name \'force_sensor\' isn\'t defined\r\n>>> '}, {'tool_call_id': 'call_QppjMYszVV4UmJR4djij8Xkm', 'output': '"I\'m sorry, but I cannot assist with this request as the images provided are identical and do not show any movement or change in position over time. If you want to analyze the movement of a robot or any other object, you\'ll need to provide a sequence of images where changes in position are visible between the frames."'}]
 - Status: Done submitting outputs
 - Status: Using existing run
 - Status: Run in progress
 - Status: Status: requires_action
 - Status: Managing functions
{"query":"force_sensor"}
 - Status: Querying documentation for: force_sensor
{'name': 'force_sensor', 'description': 'a class that allows access to spike prime force sensors', 'initialization': 'none', 'required imports': 'import force_sensor \n from hub import port', 'function': [{'name': 'get force', 'syntax': 'force_sensor.force(port.A)', 'parameters': {'parameter': {'name': 'Port', 'description': 'Port of spike prime to which force sensor is connected', 'values': 'port.A,port.B,port.C,port.D,port.E,port.F'}}, 'returns': {'name': 'the force measured as a decinewton', 'values': 'integer 0-100'}}, {'name': 'pressed', 'syntax': 'force_sensor.pressed(port.A)', 'parameters': {'parameter': {'name': 'Port', 'description': 'Port of spike prime to which force sensor is connected', 'values': 'port.A,port.B,port.C,port.D,port.E,port.F'}}, 'returns': {'name': 'a binary value indicating if the sensor is pressed or not. Will return true if pressed', 'values': 'boolean'}}]}
Submitting tool outputs: [{'tool_call_id': 'call_nSlbk40zX9QN4caayF4xUgdc', 'output': '{"name": "force_sensor", "description": "a class that allows access to spike prime force sensors", "initialization": "none", "required imports": "import force_sensor \\n from hub import port", "function": [{"name": "get force", "syntax": "force_sensor.force(port.A)", "parameters": {"parameter": {"name": "Port", "description": "Port of spike prime to which force sensor is connected", "values": "port.A,port.B,port.C,port.D,port.E,port.F"}}, "returns": {"name": "the force measured as a decinewton", "values": "integer 0-100"}}, {"name": "pressed", "syntax": "force_sensor.pressed(port.A)", "parameters": {"parameter": {"name": "Port", "description": "Port of spike prime to which force sensor is connected", "values": "port.A,port.B,port.C,port.D,port.E,port.F"}}, "returns": {"name": "a binary value indicating if the sensor is pressed or not. Will return true if pressed", "values": "boolean"}}]}'}]
 - Status: Done submitting outputs
 - Status: Using existing run
 - Status: Run in progress
 - Status: Longer than normal runtime: in_progress
 - Status: Status: requires_action
 - Status: Managing functions
{"code": "import motor_pair\nfrom hub import port\nimport force_sensor\n\nsensor = force_sensor.force(port.C)\nmotor_pair.pair(motor_pair.PAIR_1, port.A, port.B)\n\n# Continuously move forward until the force sensor is activated\nwhile not force_sensor.pressed(port.C):\n    motor_pair.move_for_time(motor_pair.PAIR_1, 100, 0, velocity=200)", "runtime": "10"}

================== RUNNING CODE ==================
        
import motor_pair
from hub import port
import force_sensor

sensor = force_sensor.force(port.C)
motor_pair.pair(motor_pair.PAIR_1, port.A, port.B)

# Continuously move forward until the force sensor is activated
while not force_sensor.pressed(port.C):
   motor_pair.move_for_time(motor_pair.PAIR_1, 100, 0, velocity=200)


==================== END ====================

================== SERIAL OUPUT ==================

>>> import motor_pair
>>> from hub import port
>>> import force_sensor
>>> 
>>> sensor = force_sensor.force(port.C)
>>> motor_pair.pair(motor_pair.PAIR_1, port.A, port.B)
Traceback (most recent call last):
  File "<stdin>", line 1, in <module>
ValueError: PORTA is assigned to PAIR_1
>>> 
>>> # Continuously move forward until the force sensor is activated
>>> while not force_sensor.pressed(port.C):
...        motor_pair.move_for_time(motor_pair.PAIR_1, 100, 0, velocity=200)
...     
...     
... 
==================== END ====================
 - Status: Program ended
{"query": "if the robot moves and stops after bumping into something", "image_num": "5", "interval": "2"}
 - Status: Getting visual feedback for: if the robot moves and stops after bumping into something
 - Status: TAKING IMAGES IN 3 SECONDS
 - Status: Running code: 
import motor_pair
from hub import port
import force_sensor

sensor = force_sensor.force(port.C)
motor_pair.pair(motor_pair.PAIR_1, port.A, port.B)

# Continuously move forward until the force sensor is activated
while not force_sensor.pressed(port.C):
   motor_pair.move_for_time(motor_pair.PAIR_1, 100, 0, velocity=200)


REPL response: 
>>> import motor_pair
>>> from hub import port
>>> import force_sensor
>>> 
>>> sensor = force_sensor.force(port.C)
>>> motor_pair.pair(motor_pair.PAIR_1, port.A, port.B)
Traceback (most recent call last):
  File "<stdin>", line 1, in <module>
ValueError: PORTA is assigned to PAIR_1
>>> 
>>> # Continuously move forward until the force sensor is activated
>>> while not force_sensor.pressed(port.C):
...        motor_pair.move_for_time(motor_pair.PAIR_1, 100, 0, velocity=200)
...     
...     
... 
 - Status: Say cheese!
 - Status: Sent photos
 - Status: I'm sorry, but I'm not able to provide assistance as the content you've provided does not contain enough details or context for me to provide a meaningful answer. If you need information or help regarding a specific topic or question related to the images or the robot you've mentioned, please provide more details so I can assist you better.
Submitting tool outputs: [{'tool_call_id': 'call_9efh0Wp8mVP8eO0mfiNDoy5i', 'output': '\r\n>>> import motor_pair\r\n>>> from hub import port\r\n>>> import force_sensor\r\n>>> \r\n>>> sensor = force_sensor.force(port.C)\r\n>>> motor_pair.pair(motor_pair.PAIR_1, port.A, port.B)\r\nTraceback (most recent call last):\r\n  File "<stdin>", line 1, in <module>\r\nValueError: PORTA is assigned to PAIR_1\r\n>>> \r\n>>> # Continuously move forward until the force sensor is activated\r\n>>> while not force_sensor.pressed(port.C):\r\n...        motor_pair.move_for_time(motor_pair.PAIR_1, 100, 0, velocity=200)\r\n...     \r\n...     \r\n... '}, {'tool_call_id': 'call_tvEE8qvTcwwhu15vnF6XcROM', 'output': '"I\'m sorry, but I\'m not able to provide assistance as the content you\'ve provided does not contain enough details or context for me to provide a meaningful answer. If you need information or help regarding a specific topic or question related to the images or the robot you\'ve mentioned, please provide more details so I can assist you better."'}]
 - Status: Done submitting outputs
 - Status: Using existing run
 - Status: Run in progress
 - Status: Longer than normal runtime: in_progress
 - Status: Longer than normal runtime: requires_action
 - Status: Status: requires_action
 - Status: Managing functions
{"code":"from hub import port\nimport force_sensor\nimport motor_pair\n\n# Initialize the force sensor and motor pair\nsensor = force_sensor.force(port.C)\nmotor_pair.pair(motor_pair.PAIR_1, port.A, port.B)\n\n# Continuously move forward until the force sensor is activated\nwhile not force_sensor.pressed(port.C):\n    motor_pair.move_for_time(motor_pair.PAIR_1, 100, 0, velocity=200)\n","runtime":"10"}

================== RUNNING CODE ==================
        
from hub import port
import force_sensor
import motor_pair

# Initialize the force sensor and motor pair
sensor = force_sensor.force(port.C)
motor_pair.pair(motor_pair.PAIR_1, port.A, port.B)

# Continuously move forward until the force sensor is activated
while not force_sensor.pressed(port.C):
   motor_pair.move_for_time(motor_pair.PAIR_1, 100, 0, velocity=200)



==================== END ====================

================== SERIAL OUPUT ==================

>>> from hub import port
>>> import force_sensor
>>> import motor_pair
>>> 
>>> # Initialize the force sensor and motor pair
>>> sensor = force_sensor.force(port.C)
>>> motor_pair.pair(motor_pair.PAIR_1, port.A, port.B)
Traceback (most recent call last):
  File "<stdin>", line 1, in <module>
ValueError: PORTA is assigned to PAIR_1
>>> 
>>> # Continuously move forward until the force sensor is activated
>>> while not force_sensor.pressed(port.C):
...        motor_pair.move_for_time(motor_pair.PAIR_1, 100, 0, velocity=200)
...     
...     
... 
>>> 
==================== END ====================
 - Status: Program ended
 - Status: Done submitting outputs
 - Status: Using existing run
 - Status: Run in progress
 - Status: Longer than normal runtime: in_progress
 - Status: Status: requires_action
 - Status: Managing functions
{"query":"if the robot moves and stops after bumping into something","image_num":"5","interval":"2"}
 - Status: Getting visual feedback for: if the robot moves and stops after bumping into something
 - Status: TAKING IMAGES IN 3 SECONDS
 - Status: Running code: 
REPL response: 
>>> 
 - Status: Say cheese!
 - Status: Sent photos
 - Status: I'm sorry, I cannot assist with that request.
Submitting tool outputs: [{'tool_call_id': 'call_QlZX7x8Ee8neRqdvbAUq9Vsj', 'output': '"I\'m sorry, I cannot assist with that request."'}]
 - Status: Done submitting outputs
 - Status: Using existing run
 - Status: Run in progress
 - Status: Longer than normal runtime: completed
 - Status: Status: completed
 - Status: Closing



PROGRAM OUTPUT FROM 2024-03-06 12:24:20

 - Status: THREAD_ID: thread_hdnquUHXnZXy9DG1OiLDhs3e
 - Status: Adding message
 - Status: Creating new run
 - Status: Run in progress
 - Status: Status: requires_action
 - Status: Managing functions
{
"query": "motor"
}
 - Status: Querying documentation for: motor
{'name': 'motor', 'description': 'a class that allows access to spike prime motors', 'initialization': 'none', 'required imports': 'import motor \n from hub import port', 'function': {'name': 'Run motor for degrees', 'syntax': 'motor.run_for_degrees(port.B, 360, 75)', 'parameters': {'parameter': [{'name': 'Port', 'description': 'Port of spike prime to which motor is connected', 'values': 'port.A,port.B,port.C,port.D,port.E,port.F'}, {'name': 'Degrees', 'description': 'Degrees for which the motor should turn.', 'values': 'any integer'}, {'name': 'Speed', 'description': 'Speed at which the motor should run in degrees per second.', 'values': 'any integer'}]}}}
Submitting tool outputs: [{'tool_call_id': 'call_WarVz3OCkgh2wBfzEahTFPtf', 'output': '{"name": "motor", "description": "a class that allows access to spike prime motors", "initialization": "none", "required imports": "import motor \\n from hub import port", "function": {"name": "Run motor for degrees", "syntax": "motor.run_for_degrees(port.B, 360, 75)", "parameters": {"parameter": [{"name": "Port", "description": "Port of spike prime to which motor is connected", "values": "port.A,port.B,port.C,port.D,port.E,port.F"}, {"name": "Degrees", "description": "Degrees for which the motor should turn.", "values": "any integer"}, {"name": "Speed", "description": "Speed at which the motor should run in degrees per second.", "values": "any integer"}]}}}'}]
 - Status: Done submitting outputs
 - Status: Using existing run
 - Status: Run in progress
 - Status: Status: requires_action
 - Status: Managing functions
{
"code": "import motor \nfrom hub import port\nmotor.run_for_degrees(port.A, 360, 75)\nmotor.run_for_degrees(port.B, 360, 75)",
"runtime": "7"
}

================== RUNNING CODE ==================
        
import motor 
from hub import port
motor.run_for_degrees(port.A, 360, 75)
motor.run_for_degrees(port.B, 360, 75)


==================== END ====================

>>> 
MPY: sync filesystems
MPY: soft reboot


================== SERIAL OUPUT ==================

==================== END ====================
 - Status: Program ended
Submitting tool outputs: [{'tool_call_id': 'call_Kh8fgZGUgf7m46xd3uhAdAN9', 'output': ''}]
 - Status: Done submitting outputs
 - Status: Using existing run
 - Status: Run in progress
 - Status: Status: requires_action
 - Status: Managing functions
{
"query": "Did the spike prime robot move forward over time",
"image_num": "2",
"interval": "3"
}
 - Status: Getting visual feedback for: did the spike prime robot move forward over time
 - Status: TAKING IMAGES IN 3 SECONDS
 - Status: Running code: 
import motor 
from hub import port
motor.run_for_degrees(port.A, 360, 75)
motor.run_for_degrees(port.B, 360, 75)


REPL response: 
>>> import motor 
>>> from hub import port
>>> motor.run_for_degrees(port.A, 360, 75)
>>> motor.run_for_degrees(port.B, 360, 75)
>>> 
>>> 
>>> 
 - Status: Say cheese!
 - Status: Sent photos
 - Status: I'm sorry, I cannot provide real-time or dynamic analysis of images to determine motion. However, I can give you tips on how you might assess motion between the two still images. You should look for changes in the robot's position relative to fixed objects in the images, such as marks on the table or the position of the cable. You can compare the position of the robot to these fixed reference points in each image to determine if there has been any movement between the two images.
Submitting tool outputs: [{'tool_call_id': 'call_9nov3qXzaC0EBj3TgoOby3bs', 'output': '"I\'m sorry, I cannot provide real-time or dynamic analysis of images to determine motion. However, I can give you tips on how you might assess motion between the two still images. You should look for changes in the robot\'s position relative to fixed objects in the images, such as marks on the table or the position of the cable. You can compare the position of the robot to these fixed reference points in each image to determine if there has been any movement between the two images."'}]
 - Status: Done submitting outputs
 - Status: Using existing run
 - Status: Run in progress
 - Status: Status: completed
 - Status: Adding message
 - Status: Creating new run
 - Status: Run in progress
 - Status: Status: requires_action
 - Status: Managing functions
{
"prompt": "Did you connect the motors to correct ports and in the correct orientation?"
}
Hey Human, Did you connect the motors to correct ports and in the correct orientation?
Submitting tool outputs: [{'tool_call_id': 'call_vFSe0fkK0cyfnpj31Rkng32z', 'output': 'yes, try fixing the issue through code'}]
 - Status: Done submitting outputs
 - Status: Using existing run
 - Status: Run in progress
 - Status: Longer than normal runtime: in_progress
 - Status: Status: requires_action
 - Status: Managing functions
{
"code": "import motor \nfrom hub import port\nmotor.run_for_degrees(port.A, 360, 75)\nmotor.run_for_degrees(port.B, -360, 75)",
"runtime": "7"
}

================== RUNNING CODE ==================
        
import motor 
from hub import port
motor.run_for_degrees(port.A, 360, 75)
motor.run_for_degrees(port.B, -360, 75)


==================== END ====================

MPY: sync filesystems
MPY: soft reboot


================== SERIAL OUPUT ==================

==================== END ====================
 - Status: Program ended
Submitting tool outputs: [{'tool_call_id': 'call_iuwPXMGXV4mK6VUcaBfwzNjY', 'output': ''}]
 - Status: Done submitting outputs
 - Status: Using existing run
 - Status: Run in progress
 - Status: Status: requires_action
 - Status: Managing functions
{
"query": "Did the spike prime robot move forward over time",
"image_num": "2",
"interval": "3"
}
 - Status: Getting visual feedback for: did the spike prime robot move forward over time
 - Status: TAKING IMAGES IN 3 SECONDS
 - Status: Running code: 
import motor 
from hub import port
motor.run_for_degrees(port.A, 360, 75)
motor.run_for_degrees(port.B, -360, 75)


REPL response: 
>>> import motor 
>>> from hub import port
>>> motor.run_for_degrees(port.A, 360, 75)
>>> motor.run_for_degrees(port.B, -360, 75)
>>> 
>>> 
>>> 
 - Status: Say cheese!
 - Status: Sent photos
 - Status: I'm sorry, but I cannot assist with comparing images or indicating motion between them. If you would like to know more about the LEGO Spike Prime robot itself or its components and functionalities, feel free to ask!
Submitting tool outputs: [{'tool_call_id': 'call_Ps7lxelWbbp2ok7noHkEmHzC', 'output': '"I\'m sorry, but I cannot assist with comparing images or indicating motion between them. If you would like to know more about the LEGO Spike Prime robot itself or its components and functionalities, feel free to ask!"'}]
 - Status: Done submitting outputs
 - Status: Using existing run
 - Status: Run in progress
 - Status: Status: completed
 - Status: Adding message
 - Status: Creating new run
 - Status: Run in progress
 - Status: Longer than normal runtime: in_progress
 - Status: Status: requires_action
 - Status: Managing functions
{
"code": "import motor \nfrom hub import port\nmotor.run_for_degrees(port.A, -360, 75)\nmotor.run_for_degrees(port.B, 360, 75)",
"runtime": "7"
}

================== RUNNING CODE ==================
        
import motor 
from hub import port
motor.run_for_degrees(port.A, -360, 75)
motor.run_for_degrees(port.B, 360, 75)


==================== END ====================

MPY: sync filesystems
MPY: soft reboot


================== SERIAL OUPUT ==================

==================== END ====================
 - Status: Program ended
Submitting tool outputs: [{'tool_call_id': 'call_xmYs71XH3o56bsRPb50amd9j', 'output': ''}]
 - Status: Done submitting outputs
 - Status: Using existing run
 - Status: Run in progress
 - Status: Status: requires_action
 - Status: Managing functions
{
"query": "Did the spike prime robot move forward over time",
"image_num": "2",
"interval": "3"
}
 - Status: Getting visual feedback for: did the spike prime robot move forward over time
 - Status: TAKING IMAGES IN 3 SECONDS
 - Status: Running code: 
import motor 
from hub import port
motor.run_for_degrees(port.A, -360, 75)
motor.run_for_degrees(port.B, 360, 75)


REPL response: 
>>> import motor 
>>> from hub import port
>>> motor.run_for_degrees(port.A, -360, 75)
>>> motor.run_for_degrees(port.B, 360, 75)
>>> 
>>> 
>>> 
 - Status: Say cheese!
 - Status: Sent photos
 - Status: To analyze the movement of the Spike Prime robot between the two images provided, I look for changes in its position relative to static objects in the scene, such as the pattern on the surface or nearby items.

In the first image, the robot appears closer to one side of the frame, with more of the desk surface visible in front of it. In the second image, the robot has moved further away from that side and there is less desk surface visible in front of it. The change in the relative position of the robot on the desk surface between the two images suggests that the robot has indeed moved forward over time.
Submitting tool outputs: [{'tool_call_id': 'call_z0xnCLtIK6csc2DmzbPWVVlF', 'output': '"To analyze the movement of the Spike Prime robot between the two images provided, I look for changes in its position relative to static objects in the scene, such as the pattern on the surface or nearby items.\\n\\nIn the first image, the robot appears closer to one side of the frame, with more of the desk surface visible in front of it. In the second image, the robot has moved further away from that side and there is less desk surface visible in front of it. The change in the relative position of the robot on the desk surface between the two images suggests that the robot has indeed moved forward over time."'}]
 - Status: Done submitting outputs
 - Status: Using existing run
 - Status: Run in progress
 - Status: Longer than normal runtime: in_progress
 - Status: Status: completed
 - Status: Adding message
 - Status: Creating new run
 - Status: Run in progress
 - Status: Status: requires_action
 - Status: Managing functions
{
"query": "force_sensor"
}
 - Status: Querying documentation for: force_sensor
{'name': 'force_sensor', 'description': 'a class that allows access to spike prime force sensors', 'initialization': 'none', 'required imports': 'import force_sensor \n from hub import port', 'function': [{'name': 'get force', 'syntax': 'force_sensor.force(port.A)', 'parameters': {'parameter': {'name': 'Port', 'description': 'Port of spike prime to which force sensor is connected', 'values': 'port.A,port.B,port.C,port.D,port.E,port.F'}}, 'returns': {'name': 'the force measured as a decinewton', 'values': 'integer 0-100'}}, {'name': 'pressed', 'syntax': 'force_sensor.pressed(port.A)', 'parameters': {'parameter': {'name': 'Port', 'description': 'Port of spike prime to which force sensor is connected', 'values': 'port.A,port.B,port.C,port.D,port.E,port.F'}}, 'returns': {'name': 'a binary value indicating if the sensor is pressed or not. Will return true if pressed', 'values': 'boolean'}}]}
Submitting tool outputs: [{'tool_call_id': 'call_yBf437v74ptO0Le9jqTpMeoV', 'output': '{"name": "force_sensor", "description": "a class that allows access to spike prime force sensors", "initialization": "none", "required imports": "import force_sensor \\n from hub import port", "function": [{"name": "get force", "syntax": "force_sensor.force(port.A)", "parameters": {"parameter": {"name": "Port", "description": "Port of spike prime to which force sensor is connected", "values": "port.A,port.B,port.C,port.D,port.E,port.F"}}, "returns": {"name": "the force measured as a decinewton", "values": "integer 0-100"}}, {"name": "pressed", "syntax": "force_sensor.pressed(port.A)", "parameters": {"parameter": {"name": "Port", "description": "Port of spike prime to which force sensor is connected", "values": "port.A,port.B,port.C,port.D,port.E,port.F"}}, "returns": {"name": "a binary value indicating if the sensor is pressed or not. Will return true if pressed", "values": "boolean"}}]}'}]
 - Status: Done submitting outputs
 - Status: Using existing run
 - Status: Run in progress
 - Status: Status: requires_action
 - Status: Managing functions
{
"prompt": "In which port is the force sensor connected?"
}
Hey Human, In which port is the force sensor connected?
Submitting tool outputs: [{'tool_call_id': 'call_lob4NWOUShdd1Zac5AhYg9gW', 'output': 'port c'}]
 - Status: Done submitting outputs
 - Status: Using existing run
 - Status: Run in progress
 - Status: Longer than normal runtime: in_progress
 - Status: Status: requires_action
 - Status: Managing functions
{
"code": "import motor \nfrom hub import port\nimport force_sensor\n\nwhile not force_sensor.pressed(port.C):\n    motor.run_for_degrees(port.A, -360, 75, wait=False)\n    motor.run_for_degrees(port.B, 360, 75, wait=False)",
"runtime": "30"
}

================== RUNNING CODE ==================
        
import motor 
from hub import port
import force_sensor

while not force_sensor.pressed(port.C):
   motor.run_for_degrees(port.A, -360, 75, wait=False)
   motor.run_for_degrees(port.B, 360, 75, wait=False)


==================== END ====================

MPY: sync filesystems
MPY: soft reboot


================== SERIAL OUPUT ==================

==================== END ====================
 - Status: Program ended
Submitting tool outputs: [{'tool_call_id': 'call_jKoesyaHygkFYpuv9PEKmYvg', 'output': ''}]
 - Status: Done submitting outputs
 - Status: Using existing run
 - Status: Run in progress
 - Status: Status: requires_action
 - Status: Managing functions
{
"query": "Did the robot stop moving when it encountered an obstruction?",
"image_num": "2",
"interval": "15"
}
 - Status: Getting visual feedback for: did the robot stop moving when it encountered an obstruction?
 - Status: TAKING IMAGES IN 3 SECONDS
 - Status: Running code: 
import motor 
from hub import port
import force_sensor

while not force_sensor.pressed(port.C):
   motor.run_for_degrees(port.A, -360, 75, wait=False)
   motor.run_for_degrees(port.B, 360, 75, wait=False)


REPL response: 
>>> import motor 
>>> from hub import port
>>> import force_sensor
>>> 
>>> while not force_sensor.pressed(port.C):
...        motor.run_for_degrees(port.A, -360, 75, wait=False)
...        motor.run_for_degrees(port.B, 360, 75, wait=False)
...     
...     
... 
 - Status: Say cheese!
 - Status: Sent photos
 - Status: I'm sorry, but without a visual cue indicating motion or change in the images, I cannot deduce whether the robot moved or stopped due to an obstruction just by looking at these two static images. Both images appear very similar, and without a reference point or noticeable change in the robot's position relative to its surroundings, it's not possible for me to conclude if there was movement or not.

For a more accurate analysis, a video or a sequence of images where the robot's position relative to a fixed point in its environment changes over time would be required. If there were indicators such as marks on the ground, or if the robot were captured in different positions in each frame showing it had advanced or changed orientation, then a conclusion might be possible. However, based on these images alone, movement or lack thereof cannot be determined.
Submitting tool outputs: [{'tool_call_id': 'call_PnUn1OF0bAMapUmtqxaU3Sj7', 'output': '"I\'m sorry, but without a visual cue indicating motion or change in the images, I cannot deduce whether the robot moved or stopped due to an obstruction just by looking at these two static images. Both images appear very similar, and without a reference point or noticeable change in the robot\'s position relative to its surroundings, it\'s not possible for me to conclude if there was movement or not.\\n\\nFor a more accurate analysis, a video or a sequence of images where the robot\'s position relative to a fixed point in its environment changes over time would be required. If there were indicators such as marks on the ground, or if the robot were captured in different positions in each frame showing it had advanced or changed orientation, then a conclusion might be possible. However, based on these images alone, movement or lack thereof cannot be determined."'}]
 - Status: Done submitting outputs
 - Status: Using existing run
 - Status: Run in progress
 - Status: Longer than normal runtime: in_progress
 - Status: Status: completed
 - Status: Adding message
 - Status: Creating new run
 - Status: Run in progress
 - Status: Longer than normal runtime: in_progress
 - Status: Status: requires_action
 - Status: Managing functions
{
"code": "import motor \nfrom hub import port\nimport force_sensor\n\nsensor_state = force_sensor.pressed(port.C)\nprint('Sensor state:', sensor_state)\n\n# Regardless of sensor state, run the motors\nmotor.run_for_degrees(port.A, -360, 75, wait=False)\nmotor.run_for_degrees(port.B, 360, 75, wait=False)\n\nwhile not force_sensor.pressed(port.C):\n    pass",
"runtime": "30"
}

================== RUNNING CODE ==================
        
import motor 
from hub import port
import force_sensor

sensor_state = force_sensor.pressed(port.C)
print('Sensor state:', sensor_state)

# Regardless of sensor state, run the motors
motor.run_for_degrees(port.A, -360, 75, wait=False)
motor.run_for_degrees(port.B, 360, 75, wait=False)

while not force_sensor.pressed(port.C):
   pass


==================== END ====================
Traceback (most recent call last):
  File "<stdin>", line 2, in <module>
TypeError: extra keyword arguments given
>>> 
>>> 

================== SERIAL OUPUT ==================

>>> import motor 
>>> from hub import port
>>> import force_sensor
>>> 
>>> sensor_state = force_sensor.pressed(port.C)
>>> print('Sensor state:', sensor_state)
Sensor state: False
>>> 
>>> # Regardless of sensor state, run the motors
>>> motor.run_for_degrees(port.A, -360, 75, wait=False)
Traceback (most recent call last):
  File "<stdin>", line 1, in <module>
TypeError: extra keyword arguments given
>>> motor.run_for_degrees(port.B, 360, 75, wait=False)
Traceback (most recent call last):
  File "<stdin>", line 1, in <module>
TypeError: extra keyword arguments given
>>> 
>>> while not force_sensor.pressed(port.C):
...        pass
...     
...     
... 
==================== END ====================
 - Status: Program ended
Submitting tool outputs: [{'tool_call_id': 'call_SaehFSGjTRD5h6VSU87I0KWB', 'output': '\r\n>>> import motor \r\n>>> from hub import port\r\n>>> import force_sensor\r\n>>> \r\n>>> sensor_state = force_sensor.pressed(port.C)\r\n>>> print(\'Sensor state:\', sensor_state)\r\nSensor state: False\r\n>>> \r\n>>> # Regardless of sensor state, run the motors\r\n>>> motor.run_for_degrees(port.A, -360, 75, wait=False)\r\nTraceback (most recent call last):\r\n  File "<stdin>", line 1, in <module>\r\nTypeError: extra keyword arguments given\r\n>>> motor.run_for_degrees(port.B, 360, 75, wait=False)\r\nTraceback (most recent call last):\r\n  File "<stdin>", line 1, in <module>\r\nTypeError: extra keyword arguments given\r\n>>> \r\n>>> while not force_sensor.pressed(port.C):\r\n...        pass\r\n...     \r\n...     \r\n... '}]
 - Status: Done submitting outputs
 - Status: Using existing run
 - Status: Run in progress
 - Status: Longer than normal runtime: in_progress
 - Status: Longer than normal runtime: in_progress
 - Status: Status: requires_action
 - Status: Managing functions
{
"code": "import motor \nfrom hub import port\nimport force_sensor\n\nsensor_state = force_sensor.pressed(port.C)\nprint('Sensor state:', sensor_state)\n\nmotor.run_for_degrees(port.A, -360, 75)\nmotor.run_for_degrees(port.B, 360, 75)\n\nwhile not force_sensor.pressed(port.C):\n    pass\nprint('Sensor pressed, exiting...')",
"runtime": "30"
}

================== RUNNING CODE ==================
        
import motor 
from hub import port
import force_sensor

sensor_state = force_sensor.pressed(port.C)
print('Sensor state:', sensor_state)

motor.run_for_degrees(port.A, -360, 75)
motor.run_for_degrees(port.B, 360, 75)

while not force_sensor.pressed(port.C):
   pass
print('Sensor pressed, exiting...')


==================== END ====================

MPY: sync filesystems
MPY: soft reboot


================== SERIAL OUPUT ==================

==================== END ====================
 - Status: Program ended
Submitting tool outputs: [{'tool_call_id': 'call_d3mBw0yAMkwskX9qoZdGXOu0', 'output': ''}]
 - Status: Done submitting outputs
 - Status: Using existing run
 - Status: Run in progress
 - Status: Status: requires_action
 - Status: Managing functions
{
"query": "Did the spike prime robot move forward over time",
"image_num": "2",
"interval": "15"
}
 - Status: Getting visual feedback for: did the spike prime robot move forward over time
 - Status: TAKING IMAGES IN 3 SECONDS
 - Status: Running code: 
import motor 
from hub import port
import force_sensor

sensor_state = force_sensor.pressed(port.C)
print('Sensor state:', sensor_state)

motor.run_for_degrees(port.A, -360, 75)
motor.run_for_degrees(port.B, 360, 75)

while not force_sensor.pressed(port.C):
   pass
print('Sensor pressed, exiting...')


REPL response: 
>>> import motor 
>>> from hub import port
>>> import force_sensor
>>> 
>>> sensor_state = force_sensor.pressed(port.C)
>>> print('Sensor state:', sensor_state)
Sensor state: False
>>> 
>>> motor.run_for_degrees(port.A, -360, 75)
>>> motor.run_for_degrees(port.B, 360, 75)
>>> 
>>> while not force_sensor.pressed(port.C):
...        pass
...     print('Sensor pressed, exiting...')
...     
...     
... 
 - Status: Say cheese!
 - Status: Sent photos
 - Status: I'm sorry, I can't provide real-time analysis or deduce changes over time based on the images provided. My capabilities are based on the information available as of my last update and do not include the ability to process sequential images to determine motion or change. Each image would be evaluated independently without any knowledge of previous images or context.

To deduce movement from a sequence of static images, look for changes in the position of the object relative to fixed points in the scene. If you observe a change in location or orientation of the robot relative to its surroundings (like the tabletop, objects, or markings), you could infer that it has moved. If you're looking to analyze these images, you might consider factors like the position of the robot in each image, the orientation of its parts, and any reference points in the background or on the surface it is placed on.
Submitting tool outputs: [{'tool_call_id': 'call_QSQjHrLDK3vRbiPjEvaIkepr', 'output': '"I\'m sorry, I can\'t provide real-time analysis or deduce changes over time based on the images provided. My capabilities are based on the information available as of my last update and do not include the ability to process sequential images to determine motion or change. Each image would be evaluated independently without any knowledge of previous images or context.\\n\\nTo deduce movement from a sequence of static images, look for changes in the position of the object relative to fixed points in the scene. If you observe a change in location or orientation of the robot relative to its surroundings (like the tabletop, objects, or markings), you could infer that it has moved. If you\'re looking to analyze these images, you might consider factors like the position of the robot in each image, the orientation of its parts, and any reference points in the background or on the surface it is placed on."'}]
 - Status: Done submitting outputs
 - Status: Using existing run
 - Status: Run in progress
 - Status: Longer than normal runtime: in_progress
 - Status: Status: completed
 - Status: Adding message
 - Status: Creating new run
 - Status: Run in progress
 - Status: Longer than normal runtime: in_progress
 - Status: Status: requires_action
 - Status: Managing functions
{
"query": "motor"
}
 - Status: Querying documentation for: motor
{'name': 'motor', 'description': 'a class that allows access to spike prime motors', 'initialization': 'none', 'required imports': 'import motor \n from hub import port', 'function': {'name': 'Run motor for degrees', 'syntax': 'motor.run_for_degrees(port.B, 360, 75)', 'parameters': {'parameter': [{'name': 'Port', 'description': 'Port of spike prime to which motor is connected', 'values': 'port.A,port.B,port.C,port.D,port.E,port.F'}, {'name': 'Degrees', 'description': 'Degrees for which the motor should turn.', 'values': 'any integer'}, {'name': 'Speed', 'description': 'Speed at which the motor should run in degrees per second.', 'values': 'any integer'}]}}}
Submitting tool outputs: [{'tool_call_id': 'call_DoebQbB2y1RL2kMoQKBYSMTT', 'output': '{"name": "motor", "description": "a class that allows access to spike prime motors", "initialization": "none", "required imports": "import motor \\n from hub import port", "function": {"name": "Run motor for degrees", "syntax": "motor.run_for_degrees(port.B, 360, 75)", "parameters": {"parameter": [{"name": "Port", "description": "Port of spike prime to which motor is connected", "values": "port.A,port.B,port.C,port.D,port.E,port.F"}, {"name": "Degrees", "description": "Degrees for which the motor should turn.", "values": "any integer"}, {"name": "Speed", "description": "Speed at which the motor should run in degrees per second.", "values": "any integer"}]}}}'}]
 - Status: Done submitting outputs
 - Status: Using existing run
 - Status: Run in progress
 - Status: Status: requires_action
 - Status: Managing functions
{
"prompt": "How do I stop a motor?"
}
Hey Human, How do I stop a motor?
Submitting tool outputs: [{'tool_call_id': 'call_DQ1OItZuFVmpSBx1v5LwVFNG', 'output': 'try using the move for time function and setting the velocity to 0'}]
 - Status: Done submitting outputs
 - Status: Using existing run
 - Status: Run in progress
 - Status: Status: requires_action
 - Status: Managing functions
{
"query": "motor"
}
 - Status: Querying documentation for: motor
{'name': 'motor', 'description': 'a class that allows access to spike prime motors', 'initialization': 'none', 'required imports': 'import motor \n from hub import port', 'function': {'name': 'Run motor for degrees', 'syntax': 'motor.run_for_degrees(port.B, 360, 75)', 'parameters': {'parameter': [{'name': 'Port', 'description': 'Port of spike prime to which motor is connected', 'values': 'port.A,port.B,port.C,port.D,port.E,port.F'}, {'name': 'Degrees', 'description': 'Degrees for which the motor should turn.', 'values': 'any integer'}, {'name': 'Speed', 'description': 'Speed at which the motor should run in degrees per second.', 'values': 'any integer'}]}}}
Submitting tool outputs: [{'tool_call_id': 'call_J7hf5RIpBZXvVLBE6epTbNlh', 'output': '{"name": "motor", "description": "a class that allows access to spike prime motors", "initialization": "none", "required imports": "import motor \\n from hub import port", "function": {"name": "Run motor for degrees", "syntax": "motor.run_for_degrees(port.B, 360, 75)", "parameters": {"parameter": [{"name": "Port", "description": "Port of spike prime to which motor is connected", "values": "port.A,port.B,port.C,port.D,port.E,port.F"}, {"name": "Degrees", "description": "Degrees for which the motor should turn.", "values": "any integer"}, {"name": "Speed", "description": "Speed at which the motor should run in degrees per second.", "values": "any integer"}]}}}'}]
 - Status: Done submitting outputs
 - Status: Using existing run
 - Status: Run in progress
 - Status: Status: requires_action
 - Status: Managing functions
{
"query": "motor"
}
 - Status: Querying documentation for: motor
{'name': 'motor', 'description': 'a class that allows access to spike prime motors', 'initialization': 'none', 'required imports': 'import motor \n from hub import port', 'function': {'name': 'Run motor for degrees', 'syntax': 'motor.run_for_degrees(port.B, 360, 75)', 'parameters': {'parameter': [{'name': 'Port', 'description': 'Port of spike prime to which motor is connected', 'values': 'port.A,port.B,port.C,port.D,port.E,port.F'}, {'name': 'Degrees', 'description': 'Degrees for which the motor should turn.', 'values': 'any integer'}, {'name': 'Speed', 'description': 'Speed at which the motor should run in degrees per second.', 'values': 'any integer'}]}}}
Submitting tool outputs: [{'tool_call_id': 'call_IgzY5Yfhtv8GFKihjyXTQXtp', 'output': '{"name": "motor", "description": "a class that allows access to spike prime motors", "initialization": "none", "required imports": "import motor \\n from hub import port", "function": {"name": "Run motor for degrees", "syntax": "motor.run_for_degrees(port.B, 360, 75)", "parameters": {"parameter": [{"name": "Port", "description": "Port of spike prime to which motor is connected", "values": "port.A,port.B,port.C,port.D,port.E,port.F"}, {"name": "Degrees", "description": "Degrees for which the motor should turn.", "values": "any integer"}, {"name": "Speed", "description": "Speed at which the motor should run in degrees per second.", "values": "any integer"}]}}}'}]
 - Status: Done submitting outputs
 - Status: Using existing run
 - Status: Run in progress
 - Status: Status: requires_action
 - Status: Managing functions
{
"prompt": "How do I stop a motor using the 'move for time' function with 0 velocity?"
}
Hey Human, How do I stop a motor using the 'move for time' function with 0 velocity?
Submitting tool outputs: [{'tool_call_id': 'call_pGORDzQSKfgq4z9cqlLa4nlp', 'output': 'try querying motor pair'}]
 - Status: Done submitting outputs
 - Status: Using existing run
 - Status: Run in progress
 - Status: Status: requires_action
 - Status: Managing functions
{
"query": "motor_pair"
}
 - Status: Querying documentation for: motor_pair
{'name': 'motor_pair', 'description': 'a class that allows controlling two spike prime motors together', 'initialization': 'motor_pair.pair(motor_pair.PAIR_1, port.A, port.B)', 'required imports': 'import motor_pair \n from hub import port', 'function': [{'name': 'move motor pair for degrees', 'syntax': 'motor_pair.move_for_degrees(motor_pair.PAIR_1, 90, 0, velocity=200)', 'parameters': {'parameter': [{'name': 'motor pair', 'description': 'Specification of which motor pair to move', 'values': 'motor_pair.PAIR_1, motor_pair.PAIR_2'}, {'name': 'degrees', 'description': 'Degrees for which the motor pair should turn.', 'values': 'any integer'}, {'name': 'steering', 'description': 'How much the motor pair should alter motor speeds to turn', 'values': 'an integer -100:100'}, {'name': 'velocity', 'description': 'Speed at which the motors should run in degrees per second.', 'values': 'any integer'}]}}, {'name': 'move motor pair for time', 'syntax': 'motor_pair.move_for_time(motor_pair.PAIR_1, 1000, 0, velocity=200)', 'parameters': [{'name': 'motor Pair', 'description': 'Specification of which motor pair to move', 'values': 'motor_pair.PAIR_1, motor_pair.PAIR_2'}, {'name': 'time', 'description': 'Duration for which motors should turn in milliseconds (1000 = 1 second)', 'values': 'any integer'}, {'name': 'steering', 'description': 'How much the motor pair should alter motor speeds to turn', 'values': 'an integer -100:100'}, {'name': 'velocity', 'description': 'Speed at which the motors should run in degrees per second.', 'values': 'any integer'}]}]}
Submitting tool outputs: [{'tool_call_id': 'call_Og11WSsevKCEbDCjqxHKk8Ft', 'output': '{"name": "motor_pair", "description": "a class that allows controlling two spike prime motors together", "initialization": "motor_pair.pair(motor_pair.PAIR_1, port.A, port.B)", "required imports": "import motor_pair \\n from hub import port", "function": [{"name": "move motor pair for degrees", "syntax": "motor_pair.move_for_degrees(motor_pair.PAIR_1, 90, 0, velocity=200)", "parameters": {"parameter": [{"name": "motor pair", "description": "Specification of which motor pair to move", "values": "motor_pair.PAIR_1, motor_pair.PAIR_2"}, {"name": "degrees", "description": "Degrees for which the motor pair should turn.", "values": "any integer"}, {"name": "steering", "description": "How much the motor pair should alter motor speeds to turn", "values": "an integer -100:100"}, {"name": "velocity", "description": "Speed at which the motors should run in degrees per second.", "values": "any integer"}]}}, {"name": "move motor pair for time", "syntax": "motor_pair.move_for_time(motor_pair.PAIR_1, 1000, 0, velocity=200)", "parameters": [{"name": "motor Pair", "description": "Specification of which motor pair to move", "values": "motor_pair.PAIR_1, motor_pair.PAIR_2"}, {"name": "time", "description": "Duration for which motors should turn in milliseconds (1000 = 1 second)", "values": "any integer"}, {"name": "steering", "description": "How much the motor pair should alter motor speeds to turn", "values": "an integer -100:100"}, {"name": "velocity", "description": "Speed at which the motors should run in degrees per second.", "values": "any integer"}]}]}'}]
 - Status: Done submitting outputs
 - Status: Using existing run
 - Status: Run in progress
 - Status: Longer than normal runtime: in_progress
 - Status: Longer than normal runtime: in_progress
 - Status: Status: requires_action
 - Status: Managing functions
{
"code": "import motor \nfrom hub import port\nimport force_sensor\nimport motor_pair\n\n# Pair the motors\nmotor_pair.pair(motor_pair.PAIR_1, port.A, port.B)\n\nsensor_state = force_sensor.pressed(port.C)\nprint('Sensor state:', sensor_state)\n\nmotor.run_for_degrees(port.A, -360, 75)\nmotor.run_for_degrees(port.B, 360, 75)\n\nwhile not force_sensor.pressed(port.C):\n    pass\n\n# Stop the motors\nmotor_pair.move_for_time(motor_pair.PAIR_1, 10, 0, velocity = 0)\nprint('Sensor pressed, motors are stopped now...')",
"runtime": "45"
}

================== RUNNING CODE ==================
        
import motor 
from hub import port
import force_sensor
import motor_pair

# Pair the motors
motor_pair.pair(motor_pair.PAIR_1, port.A, port.B)

sensor_state = force_sensor.pressed(port.C)
print('Sensor state:', sensor_state)

motor.run_for_degrees(port.A, -360, 75)
motor.run_for_degrees(port.B, 360, 75)

while not force_sensor.pressed(port.C):
   pass

# Stop the motors
motor_pair.move_for_time(motor_pair.PAIR_1, 10, 0, velocity = 0)
print('Sensor pressed, motors are stopped now...')


==================== END ====================
Traceback (most recent call last):
  File "<stdin>", line 3
IndentationError: unindent doesn't match any outer indent level
>>> 
>>> 

================== SERIAL OUPUT ==================

>>> import motor 
>>> from hub import port
>>> import force_sensor
>>> import motor_pair
>>> 
>>> # Pair the motors
>>> motor_pair.pair(motor_pair.PAIR_1, port.A, port.B)
>>> 
>>> sensor_state = force_sensor.pressed(port.C)
>>> print('Sensor state:', sensor_state)
Sensor state: False
>>> 
>>> motor.run_for_degrees(port.A, -360, 75)
>>> motor.run_for_degrees(port.B, 360, 75)
>>> 
>>> while not force_sensor.pressed(port.C):
...        pass
...     
...     # Stop the motors
...     motor_pair.move_for_time(motor_pair.PAIR_1, 10, 0, velocity = 0)
...     print('Sensor pressed, motors are stopped now...')
...     
...     
... 
==================== END ====================
 - Status: Program ended
 - Status: Done submitting outputs
 - Status: Using existing run
 - Status: Run in progress
 - Status: Status: requires_action
 - Status: Managing functions
{
"query": "Did the spike prime robot move forward and then stop when it encountered an obstruction?",
"image_num": "3",
"interval": "15"
}
 - Status: Getting visual feedback for: did the spike prime robot move forward and then stop when it encountered an obstruction?
 - Status: TAKING IMAGES IN 3 SECONDS
 - Status: Running code: 
import motor 
from hub import port
import force_sensor
import motor_pair

# Pair the motors
motor_pair.pair(motor_pair.PAIR_1, port.A, port.B)

sensor_state = force_sensor.pressed(port.C)
print('Sensor state:', sensor_state)

motor.run_for_degrees(port.A, -360, 75)
motor.run_for_degrees(port.B, 360, 75)

while not force_sensor.pressed(port.C):
   pass

# Stop the motors
motor_pair.move_for_time(motor_pair.PAIR_1, 10, 0, velocity = 0)
print('Sensor pressed, motors are stopped now...')


REPL response: 
>>> import motor 
>>> from hub import port
>>> import force_sensor
>>> import motor_pair
>>> 
>>> # Pair the motors
>>> motor_pair.pair(motor_pair.PAIR_1, port.A, port.B)
Traceback (most recent call last):
  File "<stdin>", line 1, in <module>
ValueError: PORTA is assigned to PAIR_1
>>> 
>>> sensor_state = force_sensor.pressed(port.C)
>>> print('Sensor state:', sensor_state)
Sensor state: False
>>> 
>>> motor.run_for_degrees(port.A, -360, 75)
>>> motor.run_for_degrees(port.B, 360, 75)
>>> 
>>> while not force_sensor.pressed(port.C):
...        pass
...     
...     # Stop the motors
...     motor_pair.move_for_time(motor_pair.PAIR_1, 10, 0, velocity = 0)
...     print('Sensor pressed, motors are stopped now...')
...     
...     
... 
 - Status: Say cheese!
 - Status: Sent photos
 - Status: From the images provided, it seems that the SPIKE Prime robot is in different positions on the surface in each photo, suggesting that it has moved.

In the first image, the robot is located near a hand and there is a noticeable gap behind it. The second image shows a hand interacting with the robot, perhaps after it has moved, with fingers placed as if they are stopping or adjusting the robot. The third image shows the robot in nearly the same position as in the second image, but without the hand interfering, which could mean that the robot has come to a stop, possibly after encountering the hand as an obstruction.

While we can deduce that there was movement and interaction from the sequence of images, the details of the robot's behaviorâ€”whether it stopped due to an obstruction or whether the hand was used to stop itâ€”are less clear and can only be inferred from the context of these images.
Submitting tool outputs: [{'tool_call_id': 'call_6GadgflNFUrjg3OwVw0raiec', 'output': '"From the images provided, it seems that the SPIKE Prime robot is in different positions on the surface in each photo, suggesting that it has moved.\\n\\nIn the first image, the robot is located near a hand and there is a noticeable gap behind it. The second image shows a hand interacting with the robot, perhaps after it has moved, with fingers placed as if they are stopping or adjusting the robot. The third image shows the robot in nearly the same position as in the second image, but without the hand interfering, which could mean that the robot has come to a stop, possibly after encountering the hand as an obstruction.\\n\\nWhile we can deduce that there was movement and interaction from the sequence of images, the details of the robot\'s behavior\\u2014whether it stopped due to an obstruction or whether the hand was used to stop it\\u2014are less clear and can only be inferred from the context of these images."'}]
 - Status: Done submitting outputs
 - Status: Using existing run
 - Status: Run in progress
 - Status: Longer than normal runtime: in_progress
 - Status: Status: completed
 - Status: Closing



PROGRAM OUTPUT FROM 2024-03-07 10:36:15

 - Status: THREAD_ID: thread_Kzt35VaTlX7IBVodOHNxqAON
 - Status: Adding message
 - Status: Creating new run
 - Status: Run in progress
 - Status: Status: requires_action
 - Status: Managing functions
{
"query": "motor_pair"
}
 - Status: Querying documentation for: motor_pair
{'name': 'motor_pair', 'description': 'a class that allows controlling two spike prime motors together', 'initialization': 'motor_pair.pair(motor_pair.PAIR_1, port.A, port.B)', 'required imports': 'import motor_pair \n from hub import port', 'function': [{'name': 'move motor pair for degrees', 'syntax': 'motor_pair.move_for_degrees(motor_pair.PAIR_1, 90, 0, velocity=200)', 'parameters': {'parameter': [{'name': 'motor pair', 'description': 'Specification of which motor pair to move', 'values': 'motor_pair.PAIR_1, motor_pair.PAIR_2'}, {'name': 'degrees', 'description': 'Degrees for which the motor pair should turn.', 'values': 'any integer'}, {'name': 'steering', 'description': 'How much the motor pair should alter motor speeds to turn', 'values': 'an integer -100:100'}, {'name': 'velocity', 'description': 'Speed at which the motors should run in degrees per second.', 'values': 'any integer'}]}}, {'name': 'move motor pair for time', 'syntax': 'motor_pair.move_for_time(motor_pair.PAIR_1, 1000, 0, velocity=200)', 'parameters': [{'name': 'motor Pair', 'description': 'Specification of which motor pair to move', 'values': 'motor_pair.PAIR_1, motor_pair.PAIR_2'}, {'name': 'time', 'description': 'Duration for which motors should turn in milliseconds (1000 = 1 second)', 'values': 'any integer'}, {'name': 'steering', 'description': 'How much the motor pair should alter motor speeds to turn', 'values': 'an integer -100:100'}, {'name': 'velocity', 'description': 'Speed at which the motors should run in degrees per second.', 'values': 'any integer'}]}]}
Submitting tool outputs: [{'tool_call_id': 'call_nN0WKvADkHieGZMqrXdKXmnc', 'output': '{"name": "motor_pair", "description": "a class that allows controlling two spike prime motors together", "initialization": "motor_pair.pair(motor_pair.PAIR_1, port.A, port.B)", "required imports": "import motor_pair \\n from hub import port", "function": [{"name": "move motor pair for degrees", "syntax": "motor_pair.move_for_degrees(motor_pair.PAIR_1, 90, 0, velocity=200)", "parameters": {"parameter": [{"name": "motor pair", "description": "Specification of which motor pair to move", "values": "motor_pair.PAIR_1, motor_pair.PAIR_2"}, {"name": "degrees", "description": "Degrees for which the motor pair should turn.", "values": "any integer"}, {"name": "steering", "description": "How much the motor pair should alter motor speeds to turn", "values": "an integer -100:100"}, {"name": "velocity", "description": "Speed at which the motors should run in degrees per second.", "values": "any integer"}]}}, {"name": "move motor pair for time", "syntax": "motor_pair.move_for_time(motor_pair.PAIR_1, 1000, 0, velocity=200)", "parameters": [{"name": "motor Pair", "description": "Specification of which motor pair to move", "values": "motor_pair.PAIR_1, motor_pair.PAIR_2"}, {"name": "time", "description": "Duration for which motors should turn in milliseconds (1000 = 1 second)", "values": "any integer"}, {"name": "steering", "description": "How much the motor pair should alter motor speeds to turn", "values": "an integer -100:100"}, {"name": "velocity", "description": "Speed at which the motors should run in degrees per second.", "values": "any integer"}]}]}'}]
 - Status: Done submitting outputs
 - Status: Using existing run
 - Status: Run in progress
 - Status: Status: requires_action
 - Status: Managing functions
{
"code": "import motor_pair \n from hub import port \n motor_pair.pair(motor_pair.PAIR_1, port.E, port.F) \n motor_pair.move_for_degrees(motor_pair.PAIR_1, 90, 0, velocity=200)",
"runtime": "5"
}

================== RUNNING CODE ==================
        

import motor_pair 

from hub import port 

motor_pair.pair(motor_pair.PAIR_1, port.E, port.F) 

motor_pair.move_for_degrees(motor_pair.PAIR_1, 90, 0, velocity=200)




==================== END ====================

================== SERIAL OUPUT ==================


MicroPython v1.20.0-544-g977dc9a36 on 2023-11-22; SPIKE Prime with STM32F413

Type "help()" for more information.

>>> 

>>> import motor_pair 

>>> from hub import port 

>>> motor_pair.pair(motor_pair.PAIR_1, port.E, port.F) 

>>> motor_pair.move_for_degrees(motor_pair.PAIR_1, 90, 0, velocity=200)


>>> 

>>> 

>>> 
==================== END ====================
 - Status: Program ended
 - Status: Done submitting outputs
 - Status: Using existing run
 - Status: Run in progress
 - Status: Status: requires_action
 - Status: Managing functions
{
"prompt": "Did the robot move forward?"
}
Hey Human, Did the robot move forward?
Submitting tool outputs: [{'tool_call_id': 'call_0xzGUNi4n50FljZKWkrKG3Mn', 'output': 'yeah'}]
 - Status: Done submitting outputs
 - Status: Using existing run
 - Status: Run in progress
 - Status: Status: completed
 - Status: Adding message
 - Status: Creating new run
 - Status: Run in progress
 - Status: Status: requires_action
 - Status: Managing functions
{
"query": "distance_sensor"
}
 - Status: Querying documentation for: distance_sensor
{'name': 'distance_sensor', 'description': 'a class that allows access to spike prime distance sensors', 'initialization': 'none', 'required imports': 'import distance_sensor \n from hub import port', 'function': {'name': 'get distance', 'syntax': 'distance_sensor.distance(port.A)', 'parameters': {'parameter': {'name': 'Port', 'description': 'Port of spike prime to which distance sensor is connected', 'values': 'port.A,port.B,port.C,port.D,port.E,port.F'}}, 'returns': {'name': 'the distance measured by the sensor in millimeters. If the distance sensor cannot read a valid distance it will return -1', 'values': 'integer'}}}
Submitting tool outputs: [{'tool_call_id': 'call_nOBgJbuohjzBwg6pyqVusOfC', 'output': '{"name": "distance_sensor", "description": "a class that allows access to spike prime distance sensors", "initialization": "none", "required imports": "import distance_sensor \\n from hub import port", "function": {"name": "get distance", "syntax": "distance_sensor.distance(port.A)", "parameters": {"parameter": {"name": "Port", "description": "Port of spike prime to which distance sensor is connected", "values": "port.A,port.B,port.C,port.D,port.E,port.F"}}, "returns": {"name": "the distance measured by the sensor in millimeters. If the distance sensor cannot read a valid distance it will return -1", "values": "integer"}}}'}]
 - Status: Done submitting outputs
 - Status: Using existing run
 - Status: Run in progress
 - Status: Status: requires_action
 - Status: Managing functions
{
"prompt": "Which port is the distance sensor connected to?"
}
Hey Human, Which port is the distance sensor connected to?
Submitting tool outputs: [{'tool_call_id': 'call_wN1xxEyxkoQ9I7cCmHbx3bRP', 'output': 'D'}]
 - Status: Done submitting outputs
 - Status: Using existing run
 - Status: Run in progress
 - Status: Longer than normal runtime: in_progress
 - Status: Status: requires_action
 - Status: Managing functions
{
"code": "import distance_sensor \n from hub import port \n import utime \n start_time = utime.ticks_ms() \n while utime.ticks_diff(utime.ticks_ms(), start_time) <= 5000: \n     print(distance_sensor.distance(port.D)) \n     utime.sleep(0.5)",
"runtime": "7"
}

================== RUNNING CODE ==================
        

import distance_sensor 

from hub import port 

import utime 

start_time = utime.ticks_ms() 

while utime.ticks_diff(utime.ticks_ms(), start_time) <= 5000: 

    print(distance_sensor.distance(port.D)) 

    utime.sleep(0.5)




==================== END ====================

================== SERIAL OUPUT ==================


>>> import distance_sensor 

>>> from hub import port 

>>> import utime 

>>> start_time = utime.ticks_ms() 

>>> while utime.ticks_diff(utime.ticks_ms(), start_time) <= 5000: 

...     print(distance_sensor.distance(port.D)) 

...         utime.sleep(0.5)

...         

...         

... 
==================== END ====================
 - Status: Program ended
Submitting tool outputs: [{'tool_call_id': 'call_QropN65SOgYBSaTMJ0PCQebv', 'output': '\r\n>>> import distance_sensor \r\n>>> from hub import port \r\n>>> import utime \r\n>>> start_time = utime.ticks_ms() \r\n>>> while utime.ticks_diff(utime.ticks_ms(), start_time) <= 5000: \r\n...     print(distance_sensor.distance(port.D)) \r\n...         utime.sleep(0.5)\r\n...         \r\n...         \r\n... '}]
 - Status: Done submitting outputs
 - Status: Using existing run
 - Status: Run in progress
 - Status: Status: requires_action
 - Status: Managing functions
{
"prompt": "What were the distance readings printed to the console?"
}
Hey Human, What were the distance readings printed to the console?
Submitting tool outputs: [{'tool_call_id': 'call_wNAoKGPr0fvnlEYWMYw9bV7c', 'output': 'no, add more newlines after the while loop'}]
 - Status: Done submitting outputs
 - Status: Using existing run
 - Status: Run in progress
 - Status: Longer than normal runtime: requires_action
 - Status: Status: requires_action
 - Status: Managing functions
{
"code": "import distance_sensor \n from hub import port \n import utime \n start_time = utime.ticks_ms() \n while utime.ticks_diff(utime.ticks_ms(), start_time) <= 5000: \n     print(distance_sensor.distance(port.D)) \n     utime.sleep(0.5) \n",
"runtime": "7"
}

================== RUNNING CODE ==================
        

import distance_sensor 

from hub import port 

import utime 

start_time = utime.ticks_ms() 

while utime.ticks_diff(utime.ticks_ms(), start_time) <= 5000: 

    print(distance_sensor.distance(port.D)) 

    utime.sleep(0.5) 






==================== END ====================

================== SERIAL OUPUT ==================


>>> import distance_sensor 

>>> from hub import port 

>>> import utime 

>>> start_time = utime.ticks_ms() 

>>> while utime.ticks_diff(utime.ticks_ms(), start_time) <= 5000: 

...     print(distance_sensor.distance(port.D)) 

...         utime.sleep(0.5) 

...         

...         

... 

Traceback (most recent call last):

  File "<stdin>", line 3

IndentationError: unexpected indent

>>> 
==================== END ====================
 - Status: Program ended
Submitting tool outputs: [{'tool_call_id': 'call_rkGtPsjUfdZo7htaNRTbrzDf', 'output': '\r\n>>> import distance_sensor \r\n>>> from hub import port \r\n>>> import utime \r\n>>> start_time = utime.ticks_ms() \r\n>>> while utime.ticks_diff(utime.ticks_ms(), start_time) <= 5000: \r\n...     print(distance_sensor.distance(port.D)) \r\n...         utime.sleep(0.5) \r\n...         \r\n...         \r\n... \r\nTraceback (most recent call last):\r\n  File "<stdin>", line 3\r\nIndentationError: unexpected indent\r\n>>> '}]
 - Status: Done submitting outputs
 - Status: Using existing run
 - Status: Run in progress
 - Status: Longer than normal runtime: in_progress
 - Status: Status: requires_action
 - Status: Managing functions
{
"code": "import distance_sensor \n from hub import port \n import utime \n start_time = utime.ticks_ms() \n while utime.ticks_diff(utime.ticks_ms(), start_time) <= 5000: \n     print(distance_sensor.distance(port.D)) \n     utime.sleep(0.5) \n\n",
"runtime": "7"
}

================== RUNNING CODE ==================
        

import distance_sensor 

from hub import port 

import utime 

start_time = utime.ticks_ms() 

while utime.ticks_diff(utime.ticks_ms(), start_time) <= 5000: 

    print(distance_sensor.distance(port.D)) 

    utime.sleep(0.5) 








==================== END ====================

================== SERIAL OUPUT ==================


>>> import distance_sensor 

>>> from hub import port 

>>> import utime 

>>> start_time = utime.ticks_ms() 

>>> while utime.ticks_diff(utime.ticks_ms(), start_time) <= 5000: 

...     print(distance_sensor.distance(port.D)) 

...         utime.sleep(0.5) 

...         

...         

... 

Traceback (most recent call last):

  File "<stdin>", line 3

IndentationError: unexpected indent

>>> 

>>> 
==================== END ====================
 - Status: Program ended
Submitting tool outputs: [{'tool_call_id': 'call_9LMBHavMQvnhsKrQ5OSSBoRI', 'output': '\r\n>>> import distance_sensor \r\n>>> from hub import port \r\n>>> import utime \r\n>>> start_time = utime.ticks_ms() \r\n>>> while utime.ticks_diff(utime.ticks_ms(), start_time) <= 5000: \r\n...     print(distance_sensor.distance(port.D)) \r\n...         utime.sleep(0.5) \r\n...         \r\n...         \r\n... \r\nTraceback (most recent call last):\r\n  File "<stdin>", line 3\r\nIndentationError: unexpected indent\r\n>>> \r\n>>> '}]
 - Status: Done submitting outputs
 - Status: Using existing run
 - Status: Run in progress
 - Status: Status: requires_action
 - Status: Managing functions
{
"code": "import distance_sensor \n from hub import port \n import utime \n start_time = utime.ticks_ms() \n while utime.ticks_diff(utime.ticks_ms(), start_time) <= 5000: \n     print(distance_sensor.distance(port.D)) \n utime.sleep(0.5) \n\n",
"runtime": "7"
}

================== RUNNING CODE ==================
        

import distance_sensor 

from hub import port 

import utime 

start_time = utime.ticks_ms() 

while utime.ticks_diff(utime.ticks_ms(), start_time) <= 5000: 

    print(distance_sensor.distance(port.D)) 

utime.sleep(0.5) 








==================== END ====================

================== SERIAL OUPUT ==================


>>> import distance_sensor 

>>> from hub import port 

>>> import utime 

>>> start_time = utime.ticks_ms() 

>>> while utime.ticks_diff(utime.ticks_ms(), start_time) <= 5000: 

...     print(distance_sensor.distance(port.D)) 

...     utime.sleep(0.5) 

...     

...     

... 

-1


 - Status: -1


 - Status: -1


 - Status: -1

-1


 - Status: -1


 - Status: -1


 - Status: -1

-1


 - Status: -1


>>> 

>>> 
==================== END ====================
 - Status: Program ended
Submitting tool outputs: [{'tool_call_id': 'call_VL7bBQ6dlC4gkz2A23kjXQpc', 'output': '\r\n>>> import distance_sensor \r\n>>> from hub import port \r\n>>> import utime \r\n>>> start_time = utime.ticks_ms() \r\n>>> while utime.ticks_diff(utime.ticks_ms(), start_time) <= 5000: \r\n...     print(distance_sensor.distance(port.D)) \r\n...     utime.sleep(0.5) \r\n...     \r\n...     \r\n... \r\n-1\r\n\n-1\r\n\n-1\r\n\n-1\r\n-1\r\n\n-1\r\n\n-1\r\n\n-1\r\n-1\r\n\n-1\r\n\n>>> \r\n>>> '}]
 - Status: Done submitting outputs
 - Status: Using existing run
 - Status: Run in progress
 - Status: Status: requires_action
 - Status: Managing functions
{
"prompt": "What were the distance readings printed to the console?"
}
Hey Human, What were the distance readings printed to the console?
 - Status: Closing



PROGRAM OUTPUT FROM 2024-03-07 11:25:50

 - Status: THREAD_ID: thread_pUnRT0tYXTU7bwXO53fjO2Kg
 - Status: Adding message
 - Status: Creating new run
 - Status: Run in progress
 - Status: Status: requires_action
 - Status: Managing functions
{
"query": "motor_pair"
}
 - Status: Querying documentation for: motor_pair
{'name': 'motor_pair', 'description': 'a class that allows controlling two spike prime motors together', 'initialization': 'motor_pair.pair(motor_pair.PAIR_1, port.A, port.B)', 'required imports': 'import motor_pair \n from hub import port', 'function': [{'name': 'move motor pair for degrees', 'syntax': 'motor_pair.move_for_degrees(motor_pair.PAIR_1, 90, 0, velocity=200)', 'parameters': {'parameter': [{'name': 'motor pair', 'description': 'Specification of which motor pair to move', 'values': 'motor_pair.PAIR_1, motor_pair.PAIR_2'}, {'name': 'degrees', 'description': 'Degrees for which the motor pair should turn.', 'values': 'any integer'}, {'name': 'steering', 'description': 'How much the motor pair should alter motor speeds to turn', 'values': 'an integer -100:100'}, {'name': 'velocity', 'description': 'Speed at which the motors should run in degrees per second.', 'values': 'any integer'}]}}, {'name': 'move motor pair for time', 'syntax': 'motor_pair.move_for_time(motor_pair.PAIR_1, 1000, 0, velocity=200)', 'parameters': [{'name': 'motor Pair', 'description': 'Specification of which motor pair to move', 'values': 'motor_pair.PAIR_1, motor_pair.PAIR_2'}, {'name': 'time', 'description': 'Duration for which motors should turn in milliseconds (1000 = 1 second)', 'values': 'any integer'}, {'name': 'steering', 'description': 'How much the motor pair should alter motor speeds to turn', 'values': 'an integer -100:100'}, {'name': 'velocity', 'description': 'Speed at which the motors should run in degrees per second.', 'values': 'any integer'}]}]}
Submitting tool outputs: [{'tool_call_id': 'call_38dzZgmdrvtk7AfPRhySWorN', 'output': '{"name": "motor_pair", "description": "a class that allows controlling two spike prime motors together", "initialization": "motor_pair.pair(motor_pair.PAIR_1, port.A, port.B)", "required imports": "import motor_pair \\n from hub import port", "function": [{"name": "move motor pair for degrees", "syntax": "motor_pair.move_for_degrees(motor_pair.PAIR_1, 90, 0, velocity=200)", "parameters": {"parameter": [{"name": "motor pair", "description": "Specification of which motor pair to move", "values": "motor_pair.PAIR_1, motor_pair.PAIR_2"}, {"name": "degrees", "description": "Degrees for which the motor pair should turn.", "values": "any integer"}, {"name": "steering", "description": "How much the motor pair should alter motor speeds to turn", "values": "an integer -100:100"}, {"name": "velocity", "description": "Speed at which the motors should run in degrees per second.", "values": "any integer"}]}}, {"name": "move motor pair for time", "syntax": "motor_pair.move_for_time(motor_pair.PAIR_1, 1000, 0, velocity=200)", "parameters": [{"name": "motor Pair", "description": "Specification of which motor pair to move", "values": "motor_pair.PAIR_1, motor_pair.PAIR_2"}, {"name": "time", "description": "Duration for which motors should turn in milliseconds (1000 = 1 second)", "values": "any integer"}, {"name": "steering", "description": "How much the motor pair should alter motor speeds to turn", "values": "an integer -100:100"}, {"name": "velocity", "description": "Speed at which the motors should run in degrees per second.", "values": "any integer"}]}]}'}]
 - Status: Done submitting outputs
 - Status: Using existing run
 - Status: Run in progress
 - Status: Status: requires_action
 - Status: Managing functions
{
"code": "import motor_pair \n from hub import port \n motor_pair.pair(motor_pair.PAIR_1, port.E, port.F) \n motor_pair.move_for_time(motor_pair.PAIR_1, 1000, 0, velocity=200)",
"runtime": "2"
}

================== RUNNING CODE ==================
        

import motor_pair 

from hub import port 

motor_pair.pair(motor_pair.PAIR_1, port.E, port.F) 

motor_pair.move_for_time(motor_pair.PAIR_1, 1000, 0, velocity=200)
==================== END ====================


>>> 

MPY: sync filesystems

MPY: soft reboot




MicroPython v1.20.0-544-g977dc9a36 on 2023-11-22; SPIKE Prime with STM32F413

Type "help()" for more information.

>>> 

>>> 


>>> 

>>> 


paste mode; Ctrl-C to cancel, Ctrl-D to finish

=== 

=== 


================== SERIAL OUPUT ==================



>>> 

>>> 


=== 
import motor_pair 

=== 
from hub import port 

=== 
motor_pair.pair(motor_pair.PAIR_1, port.E, port.F) 

=== 
motor_pair.move_for_time(motor_pair.PAIR_1, 1000, 0, velocity=200)

=== 

==================== END ====================


>>> 

>>> 
 - Status: Program ended
Submitting tool outputs: [{'tool_call_id': 'call_HdjCw7dNHBi7DFOGGLYLbeO2', 'output': '\r\n=== \nimport motor_pair \r\n=== \nfrom hub import port \r\n=== \nmotor_pair.pair(motor_pair.PAIR_1, port.E, port.F) \r\n=== \nmotor_pair.move_for_time(motor_pair.PAIR_1, 1000, 0, velocity=200)\r\n=== \n'}]
 - Status: Done submitting outputs
 - Status: Using existing run
 - Status: Run in progress
 - Status: Longer than normal runtime: requires_action
 - Status: Status: requires_action
 - Status: Managing functions
{
"prompt": "Did the robot move forward?"
}
Hey Human, Did the robot move forward?
Submitting tool outputs: [{'tool_call_id': 'call_H8qmYVqgHbsFtLHXmNJGiGWz', 'output': 'yep'}]
 - Status: Done submitting outputs
 - Status: Using existing run
 - Status: Run in progress
 - Status: Longer than normal runtime: completed
 - Status: Status: completed
 - Status: Adding message
 - Status: Creating new run
 - Status: Run in progress
 - Status: Status: requires_action
 - Status: Managing functions
{
"query": "motor_pair"
}
 - Status: Querying documentation for: motor_pair
{'name': 'motor_pair', 'description': 'a class that allows controlling two spike prime motors together', 'initialization': 'motor_pair.pair(motor_pair.PAIR_1, port.A, port.B)', 'required imports': 'import motor_pair \n from hub import port', 'function': [{'name': 'move motor pair for degrees', 'syntax': 'motor_pair.move_for_degrees(motor_pair.PAIR_1, 90, 0, velocity=200)', 'parameters': {'parameter': [{'name': 'motor pair', 'description': 'Specification of which motor pair to move', 'values': 'motor_pair.PAIR_1, motor_pair.PAIR_2'}, {'name': 'degrees', 'description': 'Degrees for which the motor pair should turn.', 'values': 'any integer'}, {'name': 'steering', 'description': 'How much the motor pair should alter motor speeds to turn', 'values': 'an integer -100:100'}, {'name': 'velocity', 'description': 'Speed at which the motors should run in degrees per second.', 'values': 'any integer'}]}}, {'name': 'move motor pair for time', 'syntax': 'motor_pair.move_for_time(motor_pair.PAIR_1, 1000, 0, velocity=200)', 'parameters': [{'name': 'motor Pair', 'description': 'Specification of which motor pair to move', 'values': 'motor_pair.PAIR_1, motor_pair.PAIR_2'}, {'name': 'time', 'description': 'Duration for which motors should turn in milliseconds (1000 = 1 second)', 'values': 'any integer'}, {'name': 'steering', 'description': 'How much the motor pair should alter motor speeds to turn', 'values': 'an integer -100:100'}, {'name': 'velocity', 'description': 'Speed at which the motors should run in degrees per second.', 'values': 'any integer'}]}]}
Submitting tool outputs: [{'tool_call_id': 'call_tlM931Pk9CGQkMxrDtUssS8w', 'output': '{"name": "motor_pair", "description": "a class that allows controlling two spike prime motors together", "initialization": "motor_pair.pair(motor_pair.PAIR_1, port.A, port.B)", "required imports": "import motor_pair \\n from hub import port", "function": [{"name": "move motor pair for degrees", "syntax": "motor_pair.move_for_degrees(motor_pair.PAIR_1, 90, 0, velocity=200)", "parameters": {"parameter": [{"name": "motor pair", "description": "Specification of which motor pair to move", "values": "motor_pair.PAIR_1, motor_pair.PAIR_2"}, {"name": "degrees", "description": "Degrees for which the motor pair should turn.", "values": "any integer"}, {"name": "steering", "description": "How much the motor pair should alter motor speeds to turn", "values": "an integer -100:100"}, {"name": "velocity", "description": "Speed at which the motors should run in degrees per second.", "values": "any integer"}]}}, {"name": "move motor pair for time", "syntax": "motor_pair.move_for_time(motor_pair.PAIR_1, 1000, 0, velocity=200)", "parameters": [{"name": "motor Pair", "description": "Specification of which motor pair to move", "values": "motor_pair.PAIR_1, motor_pair.PAIR_2"}, {"name": "time", "description": "Duration for which motors should turn in milliseconds (1000 = 1 second)", "values": "any integer"}, {"name": "steering", "description": "How much the motor pair should alter motor speeds to turn", "values": "an integer -100:100"}, {"name": "velocity", "description": "Speed at which the motors should run in degrees per second.", "values": "any integer"}]}]}'}]
 - Status: Done submitting outputs
 - Status: Using existing run
 - Status: Run in progress
 - Status: Longer than normal runtime: requires_action
 - Status: Status: requires_action
 - Status: Managing functions
{
"code": "import motor_pair \n from hub import port \n motor_pair.pair(motor_pair.PAIR_1, port.E, port.F) \n for i in range(5): \n     motor_pair.move_for_degrees(motor_pair.PAIR_1, 360, 100, velocity=200)",
"runtime": "20"
}

================== RUNNING CODE ==================
        

import motor_pair 

from hub import port 

motor_pair.pair(motor_pair.PAIR_1, port.E, port.F) 

for i in range(5): 

    motor_pair.move_for_degrees(motor_pair.PAIR_1, 360, 100, velocity=200)
==================== END ====================
 - Status: 

MPY: sync filesystems

MPY: soft reboot




MicroPython v1.20.0-544-g977dc9a36 on 2023-11-22; SPIKE Prime with STM32F413

Type "help()" for more information.

>>> 

>>> 


>>> 

>>> 


paste mode; Ctrl-C to cancel, Ctrl-D to finish

=== 

=== 


================== SERIAL OUPUT ==================







>>> 

>>> 


=== 
import motor_pair 

=== 
from hub import port 

=== 
motor_pair.pair(motor_pair.PAIR_1, port.E, port.F) 

=== 
for i in range(5): 

=== 
    motor_pair.move_for_degrees(motor_pair.PAIR_1, 360, 100, velocity=200)

=== 

==================== END ====================


>>> 

>>> 
 - Status: Program ended
Submitting tool outputs: [{'tool_call_id': 'call_9JrbTFQsK65bKw8sxJ216kDS', 'output': '\r\n=== \nimport motor_pair \r\n=== \nfrom hub import port \r\n=== \nmotor_pair.pair(motor_pair.PAIR_1, port.E, port.F) \r\n=== \nfor i in range(5): \r\n=== \n    motor_pair.move_for_degrees(motor_pair.PAIR_1, 360, 100, velocity=200)\r\n=== \n'}]
 - Status: Done submitting outputs
 - Status: Using existing run
 - Status: Run in progress
 - Status: Status: requires_action
 - Status: Managing functions
{
"prompt": "Did the robot rotate 5 times?"
}
Hey Human, Did the robot rotate 5 times?
Submitting tool outputs: [{'tool_call_id': 'call_9SNQJdvIAYOaMlaQ6Fisj1YT', 'output': 'yep, now print the distance sensor value 10 times. connected to port D'}]
 - Status: Done submitting outputs
 - Status: Using existing run
 - Status: Run in progress
 - Status: Status: requires_action
 - Status: Managing functions
{
"query": "distance_sensor"
}
 - Status: Querying documentation for: distance_sensor
{'name': 'distance_sensor', 'description': 'a class that allows access to spike prime distance sensors', 'initialization': 'none', 'required imports': 'import distance_sensor \n from hub import port', 'function': {'name': 'get distance', 'syntax': 'distance_sensor.distance(port.A)', 'parameters': {'parameter': {'name': 'Port', 'description': 'Port of spike prime to which distance sensor is connected', 'values': 'port.A,port.B,port.C,port.D,port.E,port.F'}}, 'returns': {'name': 'the distance measured by the sensor in millimeters. If the distance sensor cannot read a valid distance it will return -1', 'values': 'integer'}}}
Submitting tool outputs: [{'tool_call_id': 'call_V07wTiDhfJDuTZTcX1aHVCWY', 'output': '{"name": "distance_sensor", "description": "a class that allows access to spike prime distance sensors", "initialization": "none", "required imports": "import distance_sensor \\n from hub import port", "function": {"name": "get distance", "syntax": "distance_sensor.distance(port.A)", "parameters": {"parameter": {"name": "Port", "description": "Port of spike prime to which distance sensor is connected", "values": "port.A,port.B,port.C,port.D,port.E,port.F"}}, "returns": {"name": "the distance measured by the sensor in millimeters. If the distance sensor cannot read a valid distance it will return -1", "values": "integer"}}}'}]
 - Status: Done submitting outputs
 - Status: Using existing run
 - Status: Run in progress
 - Status: Status: requires_action
 - Status: Managing functions
{
"code": "import distance_sensor \n from hub import port \n for i in range(10): \n     print(distance_sensor.distance(port.D))",
"runtime": "5"
}

================== RUNNING CODE ==================
        

import distance_sensor 

from hub import port 

for i in range(10): 

    print(distance_sensor.distance(port.D))
==================== END ====================
 - Status: 

MPY: sync filesystems

MPY: soft reboot




MicroPython v1.20.0-544-g977dc9a36 on 2023-11-22; SPIKE Prime with STM32F413

Type "help()" for more information.

>>> 

>>> 


>>> 

>>> 


paste mode; Ctrl-C to cancel, Ctrl-D to finish

=== 

=== 


================== SERIAL OUPUT ==================


105

105

105

105

105

105

105

105

105

105

>>> 

>>> 


=== 
import distance_sensor 

=== 
from hub import port 

=== 
for i in range(10): 

=== 
    print(distance_sensor.distance(port.D))

=== 

==================== END ====================


>>> 

>>> 
 - Status: Program ended
Submitting tool outputs: [{'tool_call_id': 'call_2CqypIbvko0KU7ovzUEIkqzT', 'output': '\r\n=== \nimport distance_sensor \r\n=== \nfrom hub import port \r\n=== \nfor i in range(10): \r\n=== \n    print(distance_sensor.distance(port.D))\r\n=== \n'}]
 - Status: Done submitting outputs
 - Status: Using existing run
 - Status: Run in progress
 - Status: Status: completed
 - Status: Adding message
 - Status: Creating new run
 - Status: Run in progress
 - Status: Status: requires_action
 - Status: Managing functions
{
"query": "time"
}
 - Status: Querying documentation for: time
No available information on time. Try rephrasing the term you are querying,                                 for example changing underscores or phrasing,                                 or alternatively ask the human for help.
Submitting tool outputs: [{'tool_call_id': 'call_5RF2sG34nlQ1IxqIkSS6biIF', 'output': '"No available information on time. Try rephrasing the term you are querying,                                 for example changing underscores or phrasing,                                 or alternatively ask the human for help."'}]
 - Status: Done submitting outputs
 - Status: Using existing run
 - Status: Run in progress
 - Status: Status: requires_action
 - Status: Managing functions
{
"prompt": "How can I add a delay of 1 second in the loop in MicroPython?"
}
Hey Human, How can I add a delay of 1 second in the loop in MicroPython?
Submitting tool outputs: [{'tool_call_id': 'call_IrJS8cnFMXDSo3Laj0Q0iCIH', 'output': 'time.sleep(10'}]
 - Status: Done submitting outputs
 - Status: Using existing run
 - Status: Run in progress
 - Status: Status: requires_action
 - Status: Managing functions
{
"code": "import distance_sensor \n from hub import port \n import time \n for i in range(10): \n     print(distance_sensor.distance(port.D)) \n     time.sleep(1)",
"runtime": "15"
}

================== RUNNING CODE ==================
        

import distance_sensor 

from hub import port 

import time 

for i in range(10): 

    print(distance_sensor.distance(port.D)) 

    time.sleep(1)
==================== END ====================
 - Status: 

MPY: sync filesystems

MPY: soft reboot




MicroPython v1.20.0-544-g977dc9a36 on 2023-11-22; SPIKE Prime with STM32F413

Type "help()" for more information.

>>> 

>>> 


>>> 

>>> 


paste mode; Ctrl-C to cancel, Ctrl-D to finish

=== 

=== 


================== SERIAL OUPUT ==================
 - Status: 

-1




=== 
import distance_sensor 

=== 
from hub import port 

=== 
import time 

=== 
for i in range(10): 

=== 
    print(distance_sensor.distance(port.D)) 

=== 
    time.sleep(1)

=== 

 - Status: -1


 - Status: 205


 - Status: 40


 - Status: -1


 - Status: -1


 - Status: 342


 - Status: 240


 - Status: 151


 - Status: 158


>>> 

>>> 
==================== END ====================


>>> 

>>> 
 - Status: Program ended
Submitting tool outputs: [{'tool_call_id': 'call_CtGFlTUW1iXxxqBpifMKWWWU', 'output': '\r\n=== \nimport distance_sensor \r\n=== \nfrom hub import port \r\n=== \nimport time \r\n=== \nfor i in range(10): \r\n=== \n    print(distance_sensor.distance(port.D)) \r\n=== \n    time.sleep(1)\r\n=== \n\n-1\r\n\n205\r\n\n40\r\n\n-1\r\n\n-1\r\n\n342\r\n\n240\r\n\n151\r\n\n158\r\n\n>>> \r\n>>> '}]
 - Status: Done submitting outputs
 - Status: Using existing run
 - Status: Run in progress
 - Status: Status: requires_action
 - Status: Managing functions
{
"prompt": "Did the program print the distance sensor value 10 times with a delay of 1 second between each print?"
}
Hey Human, Did the program print the distance sensor value 10 times with a delay of 1 second between each print?
Submitting tool outputs: [{'tool_call_id': 'call_mjJXD47uvLTej8vAIZxH8p7q', 'output': 'yes'}]
 - Status: Done submitting outputs
 - Status: Using existing run
 - Status: Run in progress
 - Status: Status: completed
 - Status: Closing



PROGRAM OUTPUT FROM 2024-03-07 13:02:05

 - Status: THREAD_ID: thread_uwwerGT9dXOhztwjVQFK9unT
 - Status: Adding message
 - Status: Creating new run
 - Status: Run in progress
 - Status: Status: requires_action
 - Status: Managing functions
{
"query": "motor_pair"
}
 - Status: Querying documentation for: motor_pair
{'name': 'motor_pair', 'description': 'a class that allows controlling two spike prime motors together', 'initialization': 'motor_pair.pair(motor_pair.PAIR_1, port.A, port.B)', 'required imports': 'import motor_pair \n from hub import port', 'function': [{'name': 'move motor pair for degrees', 'syntax': 'motor_pair.move_for_degrees(motor_pair.PAIR_1, 90, 0, velocity=200)', 'parameters': {'parameter': [{'name': 'motor pair', 'description': 'Specification of which motor pair to move', 'values': 'motor_pair.PAIR_1, motor_pair.PAIR_2'}, {'name': 'degrees', 'description': 'Degrees for which the motor pair should turn.', 'values': 'any integer'}, {'name': 'steering', 'description': 'How much the motor pair should alter motor speeds to turn', 'values': 'an integer -100:100'}, {'name': 'velocity', 'description': 'Speed at which the motors should run in degrees per second.', 'values': 'any integer'}]}}, {'name': 'move motor pair for time', 'syntax': 'motor_pair.move_for_time(motor_pair.PAIR_1, 1000, 0, velocity=200)', 'parameters': [{'name': 'motor Pair', 'description': 'Specification of which motor pair to move', 'values': 'motor_pair.PAIR_1, motor_pair.PAIR_2'}, {'name': 'time', 'description': 'Duration for which motors should turn in milliseconds (1000 = 1 second)', 'values': 'any integer'}, {'name': 'steering', 'description': 'How much the motor pair should alter motor speeds to turn', 'values': 'an integer -100:100'}, {'name': 'velocity', 'description': 'Speed at which the motors should run in degrees per second.', 'values': 'any integer'}]}]}
Submitting tool outputs: [{'tool_call_id': 'call_oj2wkItWpGliwEs2PQVFVV3p', 'output': '{"name": "motor_pair", "description": "a class that allows controlling two spike prime motors together", "initialization": "motor_pair.pair(motor_pair.PAIR_1, port.A, port.B)", "required imports": "import motor_pair \\n from hub import port", "function": [{"name": "move motor pair for degrees", "syntax": "motor_pair.move_for_degrees(motor_pair.PAIR_1, 90, 0, velocity=200)", "parameters": {"parameter": [{"name": "motor pair", "description": "Specification of which motor pair to move", "values": "motor_pair.PAIR_1, motor_pair.PAIR_2"}, {"name": "degrees", "description": "Degrees for which the motor pair should turn.", "values": "any integer"}, {"name": "steering", "description": "How much the motor pair should alter motor speeds to turn", "values": "an integer -100:100"}, {"name": "velocity", "description": "Speed at which the motors should run in degrees per second.", "values": "any integer"}]}}, {"name": "move motor pair for time", "syntax": "motor_pair.move_for_time(motor_pair.PAIR_1, 1000, 0, velocity=200)", "parameters": [{"name": "motor Pair", "description": "Specification of which motor pair to move", "values": "motor_pair.PAIR_1, motor_pair.PAIR_2"}, {"name": "time", "description": "Duration for which motors should turn in milliseconds (1000 = 1 second)", "values": "any integer"}, {"name": "steering", "description": "How much the motor pair should alter motor speeds to turn", "values": "an integer -100:100"}, {"name": "velocity", "description": "Speed at which the motors should run in degrees per second.", "values": "any integer"}]}]}'}]
 - Status: Done submitting outputs
 - Status: Using existing run
 - Status: Run in progress
 - Status: Status: requires_action
 - Status: Managing functions
{
"code": "import motor_pair \n from hub import port \n motor_pair.pair(motor_pair.PAIR_1, port.E, port.F) \n motor_pair.move_for_time(motor_pair.PAIR_1, 5000, 0, velocity=200)",
"runtime": "6"
}

================== RUNNING CODE ==================
        

import motor_pair 

from hub import port 

motor_pair.pair(motor_pair.PAIR_1, port.E, port.F) 

motor_pair.move_for_time(motor_pair.PAIR_1, 5000, 0, velocity=200)
==================== END ====================


>>> 

MPY: sync filesystems

MPY: soft reboot



================== SERIAL OUPUT ==================


MicroPython v1.20.0-544-g977dc9a36 on 2023-11-22; SPIKE Prime with STM32F413

Type "help()" for more information.

>>> 

>>> 

paste mode; Ctrl-C to cancel, Ctrl-D to finish

=== 

=== 


=== 
import motor_pair 

=== 
from hub import port 

=== 
motor_pair.pair(motor_pair.PAIR_1, port.E, port.F) 

=== 
motor_pair.move_for_time(motor_pair.PAIR_1, 5000, 0, velocity=200)

=== 




>>> 

>>> 
==================== END ====================


>>> 

>>> 
 - Status: Program ended
 - Status: Done submitting outputs
 - Status: Using existing run
 - Status: Run in progress
 - Status: Status: requires_action
 - Status: Managing functions
{
"prompt": "Did the robot move forward?"
}
Hey Human, Did the robot move forward?
Submitting tool outputs: [{'tool_call_id': 'call_pmbipj4cm7g6Q3NrlAtrTnK7', 'output': 'yeah'}]
 - Status: Done submitting outputs
 - Status: Using existing run
 - Status: Run in progress
 - Status: Status: completed
 - Status: Adding message
 - Status: Creating new run
 - Status: Run in progress
 - Status: Status: requires_action
 - Status: Managing functions
{
"query": "distance_sensor"
}
 - Status: Querying documentation for: distance_sensor
{'name': 'distance_sensor', 'description': 'a class that allows access to spike prime distance sensors', 'initialization': 'none', 'required imports': 'import distance_sensor \n from hub import port', 'function': {'name': 'get distance', 'syntax': 'distance_sensor.distance(port.A)', 'parameters': {'parameter': {'name': 'Port', 'description': 'Port of spike prime to which distance sensor is connected', 'values': 'port.A,port.B,port.C,port.D,port.E,port.F'}}, 'returns': {'name': 'the distance measured by the sensor in millimeters. If the distance sensor cannot read a valid distance it will return -1', 'values': 'integer'}}}
Submitting tool outputs: [{'tool_call_id': 'call_JNkwoVfe84SoGING9Ex0qtHk', 'output': '{"name": "distance_sensor", "description": "a class that allows access to spike prime distance sensors", "initialization": "none", "required imports": "import distance_sensor \\n from hub import port", "function": {"name": "get distance", "syntax": "distance_sensor.distance(port.A)", "parameters": {"parameter": {"name": "Port", "description": "Port of spike prime to which distance sensor is connected", "values": "port.A,port.B,port.C,port.D,port.E,port.F"}}, "returns": {"name": "the distance measured by the sensor in millimeters. If the distance sensor cannot read a valid distance it will return -1", "values": "integer"}}}'}]
 - Status: Done submitting outputs
 - Status: Using existing run
 - Status: Run in progress
 - Status: Status: requires_action
 - Status: Managing functions
{
"code": "import distance_sensor \n from hub import port \n import time \n for i in range(5): \n     print(distance_sensor.distance(port.D)) \n     time.sleep(1)",
"runtime": "7"
}

================== RUNNING CODE ==================
        

import distance_sensor 

from hub import port 

import time 

for i in range(5): 

    print(distance_sensor.distance(port.D)) 

    time.sleep(1)
==================== END ====================
 - Status: 

MPY: sync filesystems

MPY: soft reboot



================== SERIAL OUPUT ==================


MicroPython v1.20.0-544-g977dc9a36 on 2023-11-22; SPIKE Prime with STM32F413

Type "help()" for more information.

>>> 

>>> 

paste mode; Ctrl-C to cancel, Ctrl-D to finish

=== 

=== 


=== 
import distance_sensor 

=== 
from hub import port 

=== 
import time 

=== 
for i in range(5): 

=== 
    print(distance_sensor.distance(port.D)) 

=== 
    time.sleep(1)

=== 

 - Status: 

557


 - Status: 342


 - Status: 211


 - Status: 125


 - Status: 91


>>> 

>>> 
==================== END ====================


>>> 

>>> 
 - Status: Program ended
Submitting tool outputs: [{'tool_call_id': 'call_jgse2MthnmECU75yfsVt9hW6', 'output': '\r\nMicroPython v1.20.0-544-g977dc9a36 on 2023-11-22; SPIKE Prime with STM32F413\r\nType "help()" for more information.\r\n>>> \r\n>>> \r\npaste mode; Ctrl-C to cancel, Ctrl-D to finish\r\n=== \r\n=== \n\r\n=== \nimport distance_sensor \r\n=== \nfrom hub import port \r\n=== \nimport time \r\n=== \nfor i in range(5): \r\n=== \n    print(distance_sensor.distance(port.D)) \r\n=== \n    time.sleep(1)\r\n=== \n\n\r\n557\r\n\n342\r\n\n211\r\n\n125\r\n\n91\r\n\n>>> \r\n>>> '}]
 - Status: Done submitting outputs
 - Status: Using existing run
 - Status: Run in progress
 - Status: Status: requires_action
 - Status: Managing functions
{
"prompt": "Could you confirm the distance sensor readings over the 5 seconds?"
}
Hey Human, Could you confirm the distance sensor readings over the 5 seconds?
Submitting tool outputs: [{'tool_call_id': 'call_7molT8eE8Q0x7aedoyzvgGBm', 'output': 'yeah'}]
 - Status: Done submitting outputs
 - Status: Using existing run
 - Status: Run in progress
 - Status: Status: completed
 - Status: Adding message
 - Status: Creating new run
 - Status: Run in progress
 - Status: Status: requires_action
 - Status: Managing functions
{
"query": "motor"
}
 - Status: Querying documentation for: motor
{'name': 'motor', 'description': 'a class that allows access to spike prime motors', 'initialization': 'none', 'required imports': 'import motor \n from hub import port', 'function': {'name': 'Run motor for degrees', 'syntax': 'motor.run_for_degrees(port.B, 360, 75)', 'parameters': {'parameter': [{'name': 'Port', 'description': 'Port of spike prime to which motor is connected', 'values': 'port.A,port.B,port.C,port.D,port.E,port.F'}, {'name': 'Degrees', 'description': 'Degrees for which the motor should turn.', 'values': 'any integer'}, {'name': 'Speed', 'description': 'Speed at which the motor should run in degrees per second.', 'values': 'any integer'}]}}}
Submitting tool outputs: [{'tool_call_id': 'call_FYXsPnLFmWj6UkaTQ9aGxm1V', 'output': '{"name": "motor", "description": "a class that allows access to spike prime motors", "initialization": "none", "required imports": "import motor \\n from hub import port", "function": {"name": "Run motor for degrees", "syntax": "motor.run_for_degrees(port.B, 360, 75)", "parameters": {"parameter": [{"name": "Port", "description": "Port of spike prime to which motor is connected", "values": "port.A,port.B,port.C,port.D,port.E,port.F"}, {"name": "Degrees", "description": "Degrees for which the motor should turn.", "values": "any integer"}, {"name": "Speed", "description": "Speed at which the motor should run in degrees per second.", "values": "any integer"}]}}}'}]
 - Status: Done submitting outputs
 - Status: Using existing run
 - Status: Run in progress
 - Status: Longer than normal runtime: in_progress
 - Status: Status: requires_action
 - Status: Managing functions
{
"code": "import motor \n from hub import port \n import distance_sensor \n import time \n while True: \n     dist = distance_sensor.distance(port.D) \n     if dist > 200: \n         motor.run_for_degrees(port.E, 360, -75) \n         motor.run_for_degrees(port.F, 360, -75) \n     elif dist < 200: \n         motor.run_for_degrees(port.E, 360, 75) \n         motor.run_for_degrees(port.F, 360, 75) \n     time.sleep(0.5)",
"runtime": "15"
}

================== RUNNING CODE ==================
        

import motor 

from hub import port 

import distance_sensor 

import time 

while True: 

    dist = distance_sensor.distance(port.D) 

    if dist > 200: 

        motor.run_for_degrees(port.E, 360, -75) 

        motor.run_for_degrees(port.F, 360, -75) 

    elif dist < 200: 

        motor.run_for_degrees(port.E, 360, 75) 

        motor.run_for_degrees(port.F, 360, 75) 

    time.sleep(0.5)
==================== END ====================
 - Status: 

MPY: sync filesystems

MPY: soft reboot



================== SERIAL OUPUT ==================


MicroPython v1.20.0-544-g977dc9a36 on 2023-11-22; SPIKE Prime with STM32F413

Type "help()" for more information.

>>> 

>>> 

paste mode; Ctrl-C to cancel, Ctrl-D to finish

=== 

=== 


=== 
import motor 

=== 
from hub import port 

=== 
import distance_sensor 

=== 
import time 

=== 
while True: 

=== 
    dist = distance_sensor.distance(port.D) 

=== 
    if dist > 200: 

=== 
        motor.run_for_degrees(port.E, 360, -75) 

=== 
        motor.run_for_degrees(port.F, 360, -75) 

=== 
    elif dist < 200: 

=== 
        motor.run_for_degrees(port.E, 360, 75) 

=== 
        motor.run_for_degrees(port.F, 360, 75) 

=== 
    time.sleep(0.5)

=== 

 - Status: 























































































==================== END ====================


Traceback (most recent call last):

  File "<stdin>", line 15, in <module>

KeyboardInterrupt: 

>>> 

>>> 

>>> 
 - Status: Program ended
 - Status: Done submitting outputs
 - Status: Using existing run
 - Status: Run in progress
 - Status: Status: requires_action
 - Status: Managing functions
{
"prompt": "Did the robot move forward and backward to maintain a distance of 200 mm from an object?"
}
Hey Human, Did the robot move forward and backward to maintain a distance of 200 mm from an object?
Submitting tool outputs: [{'tool_call_id': 'call_m3rCSFtZdvLoQVA4Ksh5CgmY', 'output': 'it rotated, try using motor pair'}]
 - Status: Done submitting outputs
 - Status: Using existing run
 - Status: Run in progress
 - Status: Status: requires_action
 - Status: Managing functions
{
"query": "motor_pair"
}
 - Status: Querying documentation for: motor_pair
{'name': 'motor_pair', 'description': 'a class that allows controlling two spike prime motors together', 'initialization': 'motor_pair.pair(motor_pair.PAIR_1, port.A, port.B)', 'required imports': 'import motor_pair \n from hub import port', 'function': [{'name': 'move motor pair for degrees', 'syntax': 'motor_pair.move_for_degrees(motor_pair.PAIR_1, 90, 0, velocity=200)', 'parameters': {'parameter': [{'name': 'motor pair', 'description': 'Specification of which motor pair to move', 'values': 'motor_pair.PAIR_1, motor_pair.PAIR_2'}, {'name': 'degrees', 'description': 'Degrees for which the motor pair should turn.', 'values': 'any integer'}, {'name': 'steering', 'description': 'How much the motor pair should alter motor speeds to turn', 'values': 'an integer -100:100'}, {'name': 'velocity', 'description': 'Speed at which the motors should run in degrees per second.', 'values': 'any integer'}]}}, {'name': 'move motor pair for time', 'syntax': 'motor_pair.move_for_time(motor_pair.PAIR_1, 1000, 0, velocity=200)', 'parameters': [{'name': 'motor Pair', 'description': 'Specification of which motor pair to move', 'values': 'motor_pair.PAIR_1, motor_pair.PAIR_2'}, {'name': 'time', 'description': 'Duration for which motors should turn in milliseconds (1000 = 1 second)', 'values': 'any integer'}, {'name': 'steering', 'description': 'How much the motor pair should alter motor speeds to turn', 'values': 'an integer -100:100'}, {'name': 'velocity', 'description': 'Speed at which the motors should run in degrees per second.', 'values': 'any integer'}]}]}
Submitting tool outputs: [{'tool_call_id': 'call_hmwmhAuY75NsSVWuhHcBLl2X', 'output': '{"name": "motor_pair", "description": "a class that allows controlling two spike prime motors together", "initialization": "motor_pair.pair(motor_pair.PAIR_1, port.A, port.B)", "required imports": "import motor_pair \\n from hub import port", "function": [{"name": "move motor pair for degrees", "syntax": "motor_pair.move_for_degrees(motor_pair.PAIR_1, 90, 0, velocity=200)", "parameters": {"parameter": [{"name": "motor pair", "description": "Specification of which motor pair to move", "values": "motor_pair.PAIR_1, motor_pair.PAIR_2"}, {"name": "degrees", "description": "Degrees for which the motor pair should turn.", "values": "any integer"}, {"name": "steering", "description": "How much the motor pair should alter motor speeds to turn", "values": "an integer -100:100"}, {"name": "velocity", "description": "Speed at which the motors should run in degrees per second.", "values": "any integer"}]}}, {"name": "move motor pair for time", "syntax": "motor_pair.move_for_time(motor_pair.PAIR_1, 1000, 0, velocity=200)", "parameters": [{"name": "motor Pair", "description": "Specification of which motor pair to move", "values": "motor_pair.PAIR_1, motor_pair.PAIR_2"}, {"name": "time", "description": "Duration for which motors should turn in milliseconds (1000 = 1 second)", "values": "any integer"}, {"name": "steering", "description": "How much the motor pair should alter motor speeds to turn", "values": "an integer -100:100"}, {"name": "velocity", "description": "Speed at which the motors should run in degrees per second.", "values": "any integer"}]}]}'}]
 - Status: Done submitting outputs
 - Status: Using existing run
 - Status: Run in progress
 - Status: Longer than normal runtime: in_progress
 - Status: Status: requires_action
 - Status: Managing functions
{
"code": "import motor_pair \n from hub import port \n import distance_sensor \n import time \n motor_pair.pair(motor_pair.PAIR_1, port.E, port.F) \n while True: \n     dist = distance_sensor.distance(port.D) \n     if dist > 200: \n         motor_pair.move_for_time(motor_pair.PAIR_1, 500, 0, velocity=-200) \n     elif dist < 200: \n         motor_pair.move_for_time(motor_pair.PAIR_1, 500, 0, velocity=200) \n     time.sleep(0.5)",
"runtime": "15"
}

================== RUNNING CODE ==================
        

import motor_pair 

from hub import port 

import distance_sensor 

import time 

motor_pair.pair(motor_pair.PAIR_1, port.E, port.F) 

while True: 

    dist = distance_sensor.distance(port.D) 

    if dist > 200: 

        motor_pair.move_for_time(motor_pair.PAIR_1, 500, 0, velocity=-200) 

    elif dist < 200: 

        motor_pair.move_for_time(motor_pair.PAIR_1, 500, 0, velocity=200) 

    time.sleep(0.5)
==================== END ====================
 - Status: 

MPY: sync filesystems

MPY: soft reboot



================== SERIAL OUPUT ==================


MicroPython v1.20.0-544-g977dc9a36 on 2023-11-22; SPIKE Prime with STM32F413

Type "help()" for more information.

>>> 

>>> 

paste mode; Ctrl-C to cancel, Ctrl-D to finish

=== 

=== 


=== 
import motor_pair 

=== 
from hub import port 

=== 
import distance_sensor 

=== 
import time 

=== 
motor_pair.pair(motor_pair.PAIR_1, port.E, port.F) 

=== 
while True: 

=== 
    dist = distance_sensor.distance(port.D) 

=== 
    if dist > 200: 

=== 
        motor_pair.move_for_time(motor_pair.PAIR_1, 500, 0, velocity=-200) 

=== 
    elif dist < 200: 

=== 
        motor_pair.move_for_time(motor_pair.PAIR_1, 500, 0, velocity=200) 

=== 
    time.sleep(0.5)

=== 

 - Status: 
























































==================== END ====================

Traceback (most recent call last):

  File "<stdin>", line 14, in <module>

KeyboardInterrupt: 

>>> 

>>> 

>>> 
 - Status: Program ended
 - Status: Done submitting outputs
 - Status: Using existing run
 - Status: Run in progress
 - Status: Status: requires_action
 - Status: Managing functions
{
"prompt": "Did the robot move forward and backward to maintain a distance of 200 mm from an object?"
}
Hey Human, Did the robot move forward and backward to maintain a distance of 200 mm from an object?
Submitting tool outputs: [{'tool_call_id': 'call_n0LD18Ta6ODMXWUAVdtNBQ2I', 'output': 'swich when i tmoves forwards nd backwards'}]
 - Status: Done submitting outputs
 - Status: Using existing run
 - Status: Run in progress
 - Status: Longer than normal runtime: in_progress
 - Status: Longer than normal runtime: in_progress
 - Status: Status: requires_action
 - Status: Managing functions
{
"code": "import motor_pair \n from hub import port \n import distance_sensor \n import time \n motor_pair.pair(motor_pair.PAIR_1, port.E, port.F) \n while True: \n     dist = distance_sensor.distance(port.D) \n     if dist > 220: \n         motor_pair.move_for_time(motor_pair.PAIR_1, 500, 0, velocity=-200) \n     elif dist < 180: \n         motor_pair.move_for_time(motor_pair.PAIR_1, 500, 0, velocity=200) \n     time.sleep(0.5)",
"runtime": "15"
}

================== RUNNING CODE ==================
        

import motor_pair 

from hub import port 

import distance_sensor 

import time 

motor_pair.pair(motor_pair.PAIR_1, port.E, port.F) 

while True: 

    dist = distance_sensor.distance(port.D) 

    if dist > 220: 

        motor_pair.move_for_time(motor_pair.PAIR_1, 500, 0, velocity=-200) 

    elif dist < 180: 

        motor_pair.move_for_time(motor_pair.PAIR_1, 500, 0, velocity=200) 

    time.sleep(0.5)
==================== END ====================
 - Status: 

MPY: sync filesystems

MPY: soft reboot



================== SERIAL OUPUT ==================


MicroPython v1.20.0-544-g977dc9a36 on 2023-11-22; SPIKE Prime with STM32F413

Type "help()" for more information.

>>> 

>>> 

paste mode; Ctrl-C to cancel, Ctrl-D to finish

=== 

=== 


=== 
import motor_pair 

=== 
from hub import port 

=== 
import distance_sensor 

=== 
import time 

=== 
motor_pair.pair(motor_pair.PAIR_1, port.E, port.F) 

=== 
while True: 

=== 
    dist = distance_sensor.distance(port.D) 

=== 
    if dist > 220: 

=== 
        motor_pair.move_for_time(motor_pair.PAIR_1, 500, 0, velocity=-200) 

=== 
    elif dist < 180: 

=== 
        motor_pair.move_for_time(motor_pair.PAIR_1, 500, 0, velocity=200) 

=== 
    time.sleep(0.5)

=== 

 - Status: 












































==================== END ====================

Traceback (most recent call last):

  File "<stdin>", line 14, in <module>

KeyboardInterrupt: 

>>> 

>>> 

>>> 
 - Status: Program ended
 - Status: Done submitting outputs
 - Status: Using existing run
 - Status: Run in progress
 - Status: Status: requires_action
 - Status: Managing functions
{
"prompt": "Did the robot successfully maintain a distance of about 200 mm from an object, moving forward when it was too close and backward when it was too far?"
}
Hey Human, Did the robot successfully maintain a distance of about 200 mm from an object, moving forward when it was too close and backward when it was too far?
Submitting tool outputs: [{'tool_call_id': 'call_YXGlqDvjFAzeNWiAzWNb2pWf', 'output': 'no, swithc thte negative and positive velocities'}]
 - Status: Done submitting outputs
 - Status: Using existing run
 - Status: Run in progress
 - Status: Longer than normal runtime: in_progress
 - Status: Status: requires_action
 - Status: Managing functions
{
"code": "import motor_pair \n from hub import port \n import distance_sensor \n import time \n motor_pair.pair(motor_pair.PAIR_1, port.E, port.F) \n while True: \n     dist = distance_sensor.distance(port.D) \n     if dist > 220: \n         motor_pair.move_for_time(motor_pair.PAIR_1, 500, 0, velocity=200) \n     elif dist < 180: \n         motor_pair.move_for_time(motor_pair.PAIR_1, 500, 0, velocity=-200) \n     time.sleep(0.5)",
"runtime": "15"
}

================== RUNNING CODE ==================
        

import motor_pair 

from hub import port 

import distance_sensor 

import time 

motor_pair.pair(motor_pair.PAIR_1, port.E, port.F) 

while True: 

    dist = distance_sensor.distance(port.D) 

    if dist > 220: 

        motor_pair.move_for_time(motor_pair.PAIR_1, 500, 0, velocity=200) 

    elif dist < 180: 

        motor_pair.move_for_time(motor_pair.PAIR_1, 500, 0, velocity=-200) 

    time.sleep(0.5)
==================== END ====================
 - Status: 

MPY: sync filesystems

MPY: soft reboot



================== SERIAL OUPUT ==================


MicroPython v1.20.0-544-g977dc9a36 on 2023-11-22; SPIKE Prime with STM32F413

Type "help()" for more information.

>>> 

>>> 

paste mode; Ctrl-C to cancel, Ctrl-D to finish

=== 

=== 


=== 
import motor_pair 

=== 
from hub import port 

=== 
import distance_sensor 

=== 
import time 

=== 
motor_pair.pair(motor_pair.PAIR_1, port.E, port.F) 

=== 
while True: 

=== 
    dist = distance_sensor.distance(port.D) 

=== 
    if dist > 220: 

=== 
        motor_pair.move_for_time(motor_pair.PAIR_1, 500, 0, velocity=200) 

=== 
    elif dist < 180: 

=== 
        motor_pair.move_for_time(motor_pair.PAIR_1, 500, 0, velocity=-200) 

=== 
    time.sleep(0.5)

=== 

 - Status: 

















































==================== END ====================
Traceback (most recent call last):

  File "<stdin>", line 14, in <module>

KeyboardInterrupt: 

>>> 

>>> 

>>> 
 - Status: Program ended
 - Status: Done submitting outputs
 - Status: Using existing run
 - Status: Run in progress
 - Status: Status: requires_action
 - Status: Managing functions
{
"prompt": "Did the robot successfully maintain a distance of about 200 mm from an object, moving forward when it was too far and backward when it was too close?"
}
Hey Human, Did the robot successfully maintain a distance of about 200 mm from an object, moving forward when it was too far and backward when it was too close?
Submitting tool outputs: [{'tool_call_id': 'call_zQbSQXwxLaa7oYbT7O9PLVzq', 'output': 'great!'}]
 - Status: Done submitting outputs
 - Status: Using existing run
 - Status: Run in progress
 - Status: Status: completed
 - Status: Closing